ambiguity erasure candidate passed at 2026-08-18T04:11:00Z
{
  "motion-y8": {
    "yield": [
      0.9195979899497487,
      0.7929292929292929
    ],
    "guidedMsPerOutput": [
      0.8183060109288822,
      0.5530629735679095
    ],
    "sampleMsPerTrack": [
      0.38567839195965276,
      0.21438296003530874
    ],
    "decodeMsPerOutput": [
      0.10327868852471739,
      0.05859872611421405
    ],
    "stableRsYield": [
      0.8692307692307693,
      0.9304347826086956
    ]
  },
  "dense-y8": {
    "yield": [
      1,
      1
    ],
    "guidedMsPerOutput": [
      1.0964285714286408,
      0.5126273148148761
    ],
    "sampleMsPerTrack": [
      0.8748031496068034,
      0.3890162037035612
    ],
    "decodeMsPerOutput": [
      0.17500000000036958,
      0.09444444444488909
    ],
    "stableRsYield": [
      1,
      1
    ]
  },
  "optical-dense-y8": {
    "yield": [
      1,
      1
    ],
    "guidedMsPerOutput": [
      1.879861111111192,
      1.3152267156863857
    ],
    "sampleMsPerTrack": [
      1.257777777776398,
      0.9229983660130913
    ],
    "decodeMsPerOutput": [
      0.3788194444443636,
      0.2347222222219898
    ],
    "stableRsYield": [
      0.7922077922077922,
      0.8659420289855072
    ]
  },
  "camera-dense-y8": {
    "yield": [
      1,
      1
    ],
    "guidedMsPerOutput": [
      1.6250000000001155,
      1.125768849206246
    ],
    "sampleMsPerTrack": [
      1.0186507936504934,
      0.7500744047613713
    ],
    "decodeMsPerOutput": [
      0.25277777777817045,
      0.15198412698477373
    ],
    "stableRsYield": [
      0.7662337662337663,
      0.7272727272727273
    ]
  }
}
