ambiguity erasure dense-fenced candidate passed at 2026-08-18T04:14:34Z
{
  "motion-y8": {
    "yield": [
      0.9195979899497487,
      0.9131578947368421
    ],
    "guidedMsPerOutput": [
      0.8183060109288822,
      0.9511646790961648
    ],
    "sampleMsPerTrack": [
      0.38567839195965276,
      0.45181565723371897
    ],
    "decodeMsPerOutput": [
      0.10327868852471739,
      0.10317002881849413
    ],
    "stableRsYield": [
      0.8692307692307693,
      0.8740157480314961
    ]
  },
  "dense-y8": {
    "yield": [
      1,
      1
    ],
    "guidedMsPerOutput": [
      1.0964285714286408,
      1.3089417989417689
    ],
    "sampleMsPerTrack": [
      0.8748031496068034,
      1.0721296296302902
    ],
    "decodeMsPerOutput": [
      0.17500000000036958,
      0.191851851851162
    ],
    "stableRsYield": [
      1,
      1
    ]
  },
  "optical-dense-y8": {
    "yield": [
      1,
      1
    ],
    "guidedMsPerOutput": [
      1.879861111111192,
      2.3652430555556174
    ],
    "sampleMsPerTrack": [
      1.257777777776398,
      1.7204166666661505
    ],
    "decodeMsPerOutput": [
      0.3788194444443636,
      0.3902777777776565
    ],
    "stableRsYield": [
      0.7922077922077922,
      0.8264462809917356
    ]
  },
  "camera-dense-y8": {
    "yield": [
      1,
      1
    ],
    "guidedMsPerOutput": [
      1.6250000000001155,
      1.7738624338624793
    ],
    "sampleMsPerTrack": [
      1.0186507936504934,
      1.1632671957666745
    ],
    "decodeMsPerOutput": [
      0.25277777777817045,
      0.2337301587307131
    ],
    "stableRsYield": [
      0.7662337662337663,
      0.7115384615384616
    ]
  }
}
