patch=success build=success regression=success performance=failure
{
  "stable": {
    "before": {
      "guidedOutputYield": 1,
      "turboYield": 1,
      "stableRsYield": 1,
      "dataOnlyYield": 1,
      "sampleMsPerTrack": 0.22263374485593115,
      "sampleMsPerOutput": 0.22263374485593115,
      "decodeMsPerOutput": 0.061728395061608626,
      "guidedMsPerTrack": 0.31111111111098533,
      "guidedMsPerOutput": 0.31111111111098533,
      "guidedMsPerJob": 5.599999999997737,
      "stableRsAttemptsPerTrack": 0.07407407407407407,
      "dataOnlyAttemptsPerTrack": 0.8888888888888888
    },
    "after": {
      "guidedOutputYield": 1,
      "turboYield": 1,
      "stableRsYield": 1,
      "dataOnlyYield": 1,
      "sampleMsPerTrack": 0.23786008230443392,
      "sampleMsPerOutput": 0.23786008230443392,
      "decodeMsPerOutput": 0.07674897119354139,
      "guidedMsPerTrack": 0.34547325102876464,
      "guidedMsPerOutput": 0.34547325102876464,
      "guidedMsPerJob": 6.218518518517764,
      "stableRsAttemptsPerTrack": 0.07407407407407407,
      "dataOnlyAttemptsPerTrack": 0.8888888888888888
    },
    "p50": [
      5.19999999999709,
      5.899999999994179
    ]
  },
  "motion": {
    "before": {
      "guidedOutputYield": 0.8813131313131313,
      "turboYield": 0.32848837209302323,
      "stableRsYield": 0.8782608695652174,
      "dataOnlyYield": 0.75,
      "sampleMsPerTrack": 0.5532828282826225,
      "sampleMsPerOutput": 0.6277936962748382,
      "decodeMsPerOutput": 0.275071633238281,
      "guidedMsPerTrack": 1.0633838383839265,
      "guidedMsPerOutput": 1.2065902578797563,
      "guidedMsPerJob": 19.14090909091068,
      "stableRsAttemptsPerTrack": 0.2904040404040404,
      "dataOnlyAttemptsPerTrack": 0.04040404040404041
    },
    "after": {
      "guidedOutputYield": 0.8813131313131313,
      "turboYield": 0.32848837209302323,
      "stableRsYield": 0.847457627118644,
      "dataOnlyYield": 0.7647058823529411,
      "sampleMsPerTrack": 0.4901515151515298,
      "sampleMsPerOutput": 0.5561604584527388,
      "decodeMsPerOutput": 0.2581661891118479,
      "guidedMsPerTrack": 0.9661616161616676,
      "guidedMsPerOutput": 1.0962750716332963,
      "guidedMsPerJob": 17.390909090910018,
      "stableRsAttemptsPerTrack": 0.29797979797979796,
      "dataOnlyAttemptsPerTrack": 0.04292929292929293
    },
    "p95": [
      28.30000000000291,
      27.30000000000291
    ]
  },
  "dense": {
    "before": {
      "guidedOutputYield": 1,
      "turboYield": 1,
      "stableRsYield": 1,
      "dataOnlyYield": 1,
      "sampleMsPerTrack": 1.1424603174604675,
      "sampleMsPerOutput": 1.1424603174604675,
      "decodeMsPerOutput": 0.34999999999958425,
      "guidedMsPerTrack": 1.5492063492062684,
      "guidedMsPerOutput": 1.5492063492062684,
      "guidedMsPerJob": 27.88571428571283,
      "stableRsAttemptsPerTrack": 0.35714285714285715,
      "dataOnlyAttemptsPerTrack": 0.5
    },
    "after": {
      "guidedOutputYield": 1,
      "turboYield": 1,
      "stableRsYield": 1,
      "dataOnlyYield": 1,
      "sampleMsPerTrack": 0.9761904761909959,
      "sampleMsPerOutput": 0.9761904761909959,
      "decodeMsPerOutput": 0.34484126984095803,
      "guidedMsPerTrack": 1.3996031746032207,
      "guidedMsPerOutput": 1.3996031746032207,
      "guidedMsPerJob": 25.192857142857974,
      "stableRsAttemptsPerTrack": 0.2857142857142857,
      "dataOnlyAttemptsPerTrack": 0.5714285714285714
    },
    "p50": [
      25.39999999999418,
      20
    ]
  },
  "meanSample": [
    0.6825470311581994,
    0.6070252792477149
  ]
}
[stdin]:15
if(p.length) throw new Error(p.join('; '));
             ^

Error: stable sample cost regressed
    at [stdin]:15:20
    at runScriptInThisContext (node:internal/vm:209:10)
    at node:internal/process/execution:446:12
    at [stdin]-wrapper:6:24
    at runScriptInContext (node:internal/process/execution:444:60)
    at evalFunction (node:internal/process/execution:279:30)
    at evalTypeScript (node:internal/process/execution:291:3)
    at node:internal/main/eval_stdin:53:5
    at Socket.<anonymous> (node:internal/process/execution:201:5)
    at Socket.emit (node:events:531:35)

Node.js v22.23.2
From https://github.com/zxing-cpp/zxing-cpp
 * branch              3e09874a9ca7c191d67101f302a1f53c71a118cc -> FETCH_HEAD
HEAD is now at 3e09874a Log: LogMatrix.h -> Log.h + printf -> log_[t|l|r]
emcmake: cmake -S . -B build-simd -G Ninja -DCMAKE_BUILD_TYPE=Release -DDECIMEN_SIMD=ON -DDECIMEN_CODEC_VERSION=0.1.43 -DDECIMEN_CODEC_BUILD=4e53815-dirty -DCMAKE_TOOLCHAIN_FILE=/home/runner/work/AirGapper/AirGapper/vendor/decimen-codec/source/emsdk/upstream/emscripten/cmake/Modules/Platform/Emscripten.cmake -DCMAKE_CROSSCOMPILING_EMULATOR=/home/runner/work/AirGapper/AirGapper/vendor/decimen-codec/source/emsdk/node/24.19.0_64bit/bin/node in directory /home/runner/work/AirGapper/AirGapper/vendor/decimen-codec/source
[1/2] Building CXX object CMakeFiles/decimen_codec.dir/wrapper/decimen_codec.cpp.o
[2/2] Linking CXX executable decimen_codec.js
From https://github.com/zxing-cpp/zxing-cpp
 * branch              3e09874a9ca7c191d67101f302a1f53c71a118cc -> FETCH_HEAD
HEAD is now at 3e09874a Log: LogMatrix.h -> Log.h + printf -> log_[t|l|r]
emcmake: cmake -S . -B build-scalar -G Ninja -DCMAKE_BUILD_TYPE=Release -DDECIMEN_SIMD=OFF -DDECIMEN_CODEC_VERSION=0.1.43 -DDECIMEN_CODEC_BUILD=4e53815-dirty -DCMAKE_TOOLCHAIN_FILE=/home/runner/work/AirGapper/AirGapper/vendor/decimen-codec/source/emsdk/upstream/emscripten/cmake/Modules/Platform/Emscripten.cmake -DCMAKE_CROSSCOMPILING_EMULATOR=/home/runner/work/AirGapper/AirGapper/vendor/decimen-codec/source/emsdk/node/24.19.0_64bit/bin/node in directory /home/runner/work/AirGapper/AirGapper/vendor/decimen-codec/source
[1/2] Building CXX object CMakeFiles/decimen_codec.dir/wrapper/decimen_codec.cpp.o
[2/2] Linking CXX executable decimen_codec.js
AIRGAPPER_SENDER_PROFILE stable-1000B 2548x1276 frames=8
AIRGAPPER_SENDER_PROFILE motion-1000B 2548x1276 frames=20
AIRGAPPER_SENDER_PROFILE dense-2953B 2138x1070 frames=10
AIRGAPPER_FAST_REGRESSION_START stable-y8
AIRGAPPER_FAST_REGRESSION_RESULT stable-y8 {"version":"v0.5.233","productionOnly":true,"frames":32,"expectedFrames":32,"decodedPackets":493,"uniqueSymbols":75,"decodedSlots":[0,1,2,3,4,5,6,7,8,9,10,11,12,13,14,15,16,17],"slotCounts":{"0":27,"1":28,"2":27,"3":27,"4":27,"5":27,"6":28,"7":27,"8":27,"9":28,"10":27,"11":27,"12":29,"13":27,"14":27,"15":29,"16":27,"17":27},"qrPerSecond":477.09677419354836,"uniqueUsefulQrPerSecond":72.58064516129032,"verifiedKBPerSecond":37.3469002016129,"firstProductionFrame":0,"firstGridLockFrame":4,"firstLockedStateFrame":4,"stateCounts":{"SEARCH":5,"GRID_LOCK":1,"TRACK":26},"finalState":"TRACK","transitions":2,"jobs":30,"fullJobs":3,"trackedJobs":27,"guidedJobs":27,"guidedTracks":486,"guidedOutputs":486,"guided":{"jobs":27,"tracks":486,"outputs":486,"turboAttempts":468,"turboSuccesses":468,"stableEligibleTracks":468,"stableRsAttempts":36,"stableRsSuccesses":36,"dataOnlyAttempts":432,"dataOnlySuccesses":432,"rsFallbacks":54,"sparseAttempts":18,"sparseSuccesses":18,"genericFallbackTracks":0,"genericFallbackSuccesses":0,"genericDecodeAttempts":0,"binarizeMs":6.100000000005821,"finderMs":0.6000000000058208,"sampleMs":115.59999999995489,"decodeMs":37.30000000006112,"totalMs":167.89999999997963},"tailFullJobs":0,"tailTrackedJobs":16,"decodeP50Ms":5.899999999994179,"decodeP95Ms":26.80000000000291,"workerBusyPercent":5.208333333333333,"hotPath":{"strict":false,"postLockRecoverySuppressed":false,"nativeTracks":0,"crcFastSuccesses":0,"crcFastPercent":0,"nativeMisses":0,"qrRsFallbacks":0,"anchorSuccesses":0,"anchorMisses":0,"thresholdFallbacks":0,"outOfFrameMisses":0,"bitstreamFailures":0,"crcFailures":0,"multiSampleRetries":0,"localRecoveryAttempts":0,"localRecoverySuccesses":0,"readFullAttempts":3,"fullScanJobs":3},"byKind":{"DIRECT RECOVERY Y8":{"jobs":3,"pixels":4812464,"processedPixels":4812464,"bytes":19249856,"tracks":0,"outputSymbols":7,"hits":0,"misses":0,"readFullAttempts":3,"fallbackAttempts":0,"fallbackSuccesses":0,"fallbackFailures":0,"targetedAttempts":0,"targetedPixels":0,"targetedSuccesses":0},"Y8 TRACKED GRID":{"jobs":27,"pixels":87783696,"processedPixels":87783696,"bytes":351134784,"tracks":486,"outputSymbols":486,"hits":486,"misses":0,"readFullAttempts":0,"fallbackAttempts":0,"fallbackSuccesses":0,"fallbackFailures":0,"targetedAttempts":0,"targetedPixels":0,"targetedSuccesses":0}},"decodeErrors":[],"checks":{"productionOnly":true,"allFramesReplayed":true,"decodedSomething":true,"discoveredLayout":true,"scheduledWork":true,"noDecodeErrors":true,"oracleSkipped":true},"ok":true,"normalized":{"guidedOutputYield":1,"turboYield":1,"stableRsYield":1,"dataOnlyYield":1,"sampleMsPerTrack":0.23786008230443392,"sampleMsPerOutput":0.23786008230443392,"decodeMsPerOutput":0.07674897119354139,"guidedMsPerTrack":0.34547325102876464,"guidedMsPerOutput":0.34547325102876464,"guidedMsPerJob":6.218518518517764,"stableRsAttemptsPerTrack":0.07407407407407407,"dataOnlyAttemptsPerTrack":0.8888888888888888},"wallTimeMs":1543}
AIRGAPPER_FAST_REGRESSION_START motion-y8
AIRGAPPER_FAST_REGRESSION_RESULT motion-y8 {"version":"v0.5.233","productionOnly":true,"frames":28,"expectedFrames":28,"decodedPackets":364,"uniqueSymbols":144,"decodedSlots":[0,1,2,3,4,5,6,7,8,9,10,11,12,13,14,15,16,17],"slotCounts":{"0":14,"1":18,"2":17,"3":19,"4":22,"5":22,"6":22,"7":22,"8":22,"9":21,"10":22,"11":22,"12":21,"13":23,"14":22,"15":17,"16":20,"17":18},"qrPerSecond":404.4444444444444,"uniqueUsefulQrPerSecond":159.99999999999997,"verifiedKBPerSecond":42.87977430555555,"firstProductionFrame":0,"firstGridLockFrame":4,"firstLockedStateFrame":4,"stateCounts":{"SEARCH":5,"GRID_LOCK":1,"TRACK":22},"finalState":"TRACK","transitions":2,"jobs":26,"fullJobs":3,"trackedJobs":23,"guidedJobs":22,"guidedTracks":396,"guidedOutputs":349,"guided":{"jobs":22,"tracks":396,"outputs":349,"turboAttempts":344,"turboSuccesses":113,"stableEligibleTracks":333,"stableRsAttempts":118,"stableRsSuccesses":100,"dataOnlyAttempts":17,"dataOnlySuccesses":13,"rsFallbacks":353,"sparseAttempts":256,"sparseSuccesses":235,"genericFallbackTracks":21,"genericFallbackSuccesses":1,"genericDecodeAttempts":1,"binarizeMs":83.40000000002328,"finderMs":5.800000000017462,"sampleMs":194.10000000000582,"decodeMs":90.10000000003492,"totalMs":382.6000000000204},"tailFullJobs":0,"tailTrackedJobs":14,"decodeP50Ms":17.29999999998836,"decodeP95Ms":27.30000000000291,"workerBusyPercent":5.952380952380952,"hotPath":{"strict":false,"postLockRecoverySuppressed":false,"nativeTracks":0,"crcFastSuccesses":0,"crcFastPercent":0,"nativeMisses":0,"qrRsFallbacks":0,"anchorSuccesses":0,"anchorMisses":0,"thresholdFallbacks":0,"outOfFrameMisses":0,"bitstreamFailures":0,"crcFailures":0,"multiSampleRetries":0,"localRecoveryAttempts":1,"localRecoverySuccesses":1,"readFullAttempts":4,"fullScanJobs":3},"byKind":{"DIRECT RECOVERY Y8":{"jobs":3,"pixels":4812464,"processedPixels":4812464,"bytes":19249856,"tracks":0,"outputSymbols":7,"hits":0,"misses":0,"readFullAttempts":3,"fallbackAttempts":0,"fallbackSuccesses":0,"fallbackFailures":0,"targetedAttempts":0,"targetedPixels":0,"targetedSuccesses":0},"Y8 TRACKED GRID":{"jobs":23,"pixels":74778704,"processedPixels":74778704,"bytes":299114816,"tracks":414,"outputSymbols":357,"hits":349,"misses":47,"readFullAttempts":1,"fallbackAttempts":1,"fallbackSuccesses":1,"fallbackFailures":0,"targetedAttempts":0,"targetedPixels":0,"targetedSuccesses":0}},"decodeErrors":[],"checks":{"productionOnly":true,"allFramesReplayed":true,"decodedSomething":true,"discoveredLayout":true,"scheduledWork":true,"noDecodeErrors":true,"oracleSkipped":true},"ok":true,"normalized":{"guidedOutputYield":0.8813131313131313,"turboYield":0.32848837209302323,"stableRsYield":0.847457627118644,"dataOnlyYield":0.7647058823529411,"sampleMsPerTrack":0.4901515151515298,"sampleMsPerOutput":0.5561604584527388,"decodeMsPerOutput":0.2581661891118479,"guidedMsPerTrack":0.9661616161616676,"guidedMsPerOutput":1.0962750716332963,"guidedMsPerJob":17.390909090910018,"stableRsAttemptsPerTrack":0.29797979797979796,"dataOnlyAttemptsPerTrack":0.04292929292929293},"wallTimeMs":4325}
AIRGAPPER_FAST_REGRESSION_START dense-y8
AIRGAPPER_FAST_REGRESSION_RESULT dense-y8 {"version":"v0.5.233","productionOnly":true,"frames":20,"expectedFrames":20,"decodedPackets":267,"uniqueSymbols":155,"decodedSlots":[0,1,2,3,4,5,6,7,8,9,10,11,12,13,14,15,16,17],"slotCounts":{"0":15,"1":15,"2":14,"3":15,"4":14,"5":14,"6":16,"7":14,"8":14,"9":16,"10":14,"11":14,"12":17,"13":15,"14":14,"15":17,"16":15,"17":14},"qrPerSecond":421.578947368421,"uniqueUsefulQrPerSecond":244.73684210526312,"verifiedKBPerSecond":60.93441611842105,"firstProductionFrame":0,"firstGridLockFrame":4,"firstLockedStateFrame":4,"stateCounts":{"SEARCH":5,"GRID_LOCK":1,"TRACK":14},"finalState":"TRACK","transitions":2,"jobs":18,"fullJobs":3,"trackedJobs":15,"guidedJobs":14,"guidedTracks":252,"guidedOutputs":252,"guided":{"jobs":14,"tracks":252,"outputs":252,"turboAttempts":216,"turboSuccesses":216,"stableEligibleTracks":216,"stableRsAttempts":72,"stableRsSuccesses":72,"dataOnlyAttempts":144,"dataOnlySuccesses":144,"rsFallbacks":108,"sparseAttempts":36,"sparseSuccesses":36,"genericFallbackTracks":0,"genericFallbackSuccesses":0,"genericDecodeAttempts":0,"binarizeMs":12.900000000008731,"finderMs":0.8000000000174623,"sampleMs":246.00000000013097,"decodeMs":86.89999999992142,"totalMs":352.70000000001164},"tailFullJobs":0,"tailTrackedJobs":10,"decodeP50Ms":20,"decodeP95Ms":61.69999999999709,"workerBusyPercent":13.333333333333334,"hotPath":{"strict":false,"postLockRecoverySuppressed":false,"nativeTracks":0,"crcFastSuccesses":0,"crcFastPercent":0,"nativeMisses":0,"qrRsFallbacks":0,"anchorSuccesses":0,"anchorMisses":0,"thresholdFallbacks":0,"outOfFrameMisses":0,"bitstreamFailures":0,"crcFailures":0,"multiSampleRetries":0,"localRecoveryAttempts":1,"localRecoverySuccesses":1,"readFullAttempts":4,"fullScanJobs":3},"byKind":{"DIRECT RECOVERY Y8":{"jobs":3,"pixels":3405708,"processedPixels":3405708,"bytes":13622832,"tracks":0,"outputSymbols":7,"hits":0,"misses":0,"readFullAttempts":3,"fallbackAttempts":0,"fallbackSuccesses":0,"fallbackFailures":0,"targetedAttempts":0,"targetedPixels":0,"targetedSuccesses":0},"Y8 TRACKED GRID":{"jobs":15,"pixels":34314900,"processedPixels":34314900,"bytes":137259600,"tracks":270,"outputSymbols":260,"hits":252,"misses":0,"readFullAttempts":1,"fallbackAttempts":1,"fallbackSuccesses":1,"fallbackFailures":0,"targetedAttempts":0,"targetedPixels":0,"targetedSuccesses":0}},"decodeErrors":[],"checks":{"productionOnly":true,"allFramesReplayed":true,"decodedSomething":true,"discoveredLayout":true,"scheduledWork":true,"noDecodeErrors":true,"oracleSkipped":true},"ok":true,"normalized":{"guidedOutputYield":1,"turboYield":1,"stableRsYield":1,"dataOnlyYield":1,"sampleMsPerTrack":0.9761904761909959,"sampleMsPerOutput":0.9761904761909959,"decodeMsPerOutput":0.34484126984095803,"guidedMsPerTrack":1.3996031746032207,"guidedMsPerOutput":1.3996031746032207,"guidedMsPerJob":25.192857142857974,"stableRsAttemptsPerTrack":0.2857142857142857,"dataOnlyAttemptsPerTrack":0.5714285714285714},"wallTimeMs":1401}
AIRGAPPER_FAST_REGRESSION_START buffered-rgba
AIRGAPPER_FAST_REGRESSION_RESULT buffered-rgba {"version":"v0.5.233","productionOnly":true,"frames":20,"expectedFrames":20,"decodedPackets":277,"uniqueSymbols":75,"decodedSlots":[0,1,2,3,4,5,6,7,8,9,10,11,12,13,14,15,16,17],"slotCounts":{"0":15,"1":16,"2":15,"3":15,"4":15,"5":15,"6":16,"7":15,"8":15,"9":16,"10":15,"11":15,"12":17,"13":15,"14":15,"15":17,"16":15,"17":15},"qrPerSecond":437.3684210526315,"uniqueUsefulQrPerSecond":118.42105263157893,"verifiedKBPerSecond":60.93441611842105,"firstProductionFrame":0,"firstGridLockFrame":4,"firstLockedStateFrame":4,"stateCounts":{"SEARCH":5,"GRID_LOCK":1,"TRACK":14},"finalState":"TRACK","transitions":2,"jobs":18,"fullJobs":3,"trackedJobs":15,"guidedJobs":0,"guidedTracks":0,"guidedOutputs":0,"guided":{"jobs":0,"tracks":0,"outputs":0,"turboAttempts":0,"turboSuccesses":0,"stableEligibleTracks":0,"stableRsAttempts":0,"stableRsSuccesses":0,"dataOnlyAttempts":0,"dataOnlySuccesses":0,"rsFallbacks":0,"sparseAttempts":0,"sparseSuccesses":0,"genericFallbackTracks":0,"genericFallbackSuccesses":0,"genericDecodeAttempts":0,"binarizeMs":0,"finderMs":0,"sampleMs":0,"decodeMs":0,"totalMs":0},"tailFullJobs":0,"tailTrackedJobs":10,"decodeP50Ms":23.19999999999709,"decodeP95Ms":56.69999999999709,"workerBusyPercent":26.66666666666666,"hotPath":{"strict":false,"postLockRecoverySuppressed":false,"nativeTracks":270,"crcFastSuccesses":270,"crcFastPercent":100,"nativeMisses":0,"qrRsFallbacks":0,"anchorSuccesses":0,"anchorMisses":0,"thresholdFallbacks":0,"outOfFrameMisses":0,"bitstreamFailures":0,"crcFailures":0,"multiSampleRetries":0,"localRecoveryAttempts":0,"localRecoverySuccesses":0,"readFullAttempts":3,"fullScanJobs":3},"byKind":{"FULL FRAME":{"jobs":3,"pixels":4812464,"processedPixels":4812464,"bytes":0,"tracks":0,"outputSymbols":7,"hits":0,"misses":0,"readFullAttempts":3,"fallbackAttempts":0,"fallbackSuccesses":0,"fallbackFailures":0,"targetedAttempts":0,"targetedPixels":0,"targetedSuccesses":0},"NATIVE TRACKED GRID":{"jobs":15,"pixels":48768720,"processedPixels":48768720,"bytes":0,"tracks":270,"outputSymbols":270,"hits":270,"misses":0,"readFullAttempts":0,"fallbackAttempts":0,"fallbackSuccesses":0,"fallbackFailures":0,"targetedAttempts":0,"targetedPixels":0,"targetedSuccesses":0}},"decodeErrors":[],"checks":{"productionOnly":true,"allFramesReplayed":true,"decodedSomething":true,"discoveredLayout":true,"scheduledWork":true,"noDecodeErrors":true,"oracleSkipped":true},"ok":true,"normalized":{"guidedOutputYield":0,"turboYield":0,"stableRsYield":0,"dataOnlyYield":0,"sampleMsPerTrack":0,"sampleMsPerOutput":0,"decodeMsPerOutput":0,"guidedMsPerTrack":0,"guidedMsPerOutput":0,"guidedMsPerJob":0,"stableRsAttemptsPerTrack":0,"dataOnlyAttemptsPerTrack":0},"wallTimeMs":1020}
AIRGAPPER_FAST_REGRESSION_PASS {"format":"AirGapper fast production regression","generatedAt":"2026-08-17T23:30:07.487Z","baseUrl":"http://127.0.0.1:8080/","sourceFrames":{"stable":8,"motion":20,"dense":10},"oracle":false,"browserErrors":[],"scenarios":{"stable-y8":{"version":"v0.5.233","productionOnly":true,"frames":32,"expectedFrames":32,"decodedPackets":493,"uniqueSymbols":75,"decodedSlots":[0,1,2,3,4,5,6,7,8,9,10,11,12,13,14,15,16,17],"slotCounts":{"0":27,"1":28,"2":27,"3":27,"4":27,"5":27,"6":28,"7":27,"8":27,"9":28,"10":27,"11":27,"12":29,"13":27,"14":27,"15":29,"16":27,"17":27},"qrPerSecond":477.09677419354836,"uniqueUsefulQrPerSecond":72.58064516129032,"verifiedKBPerSecond":37.3469002016129,"firstProductionFrame":0,"firstGridLockFrame":4,"firstLockedStateFrame":4,"stateCounts":{"SEARCH":5,"GRID_LOCK":1,"TRACK":26},"finalState":"TRACK","transitions":2,"jobs":30,"fullJobs":3,"trackedJobs":27,"guidedJobs":27,"guidedTracks":486,"guidedOutputs":486,"guided":{"jobs":27,"tracks":486,"outputs":486,"turboAttempts":468,"turboSuccesses":468,"stableEligibleTracks":468,"stableRsAttempts":36,"stableRsSuccesses":36,"dataOnlyAttempts":432,"dataOnlySuccesses":432,"rsFallbacks":54,"sparseAttempts":18,"sparseSuccesses":18,"genericFallbackTracks":0,"genericFallbackSuccesses":0,"genericDecodeAttempts":0,"binarizeMs":6.100000000005821,"finderMs":0.6000000000058208,"sampleMs":115.59999999995489,"decodeMs":37.30000000006112,"totalMs":167.89999999997963},"tailFullJobs":0,"tailTrackedJobs":16,"decodeP50Ms":5.899999999994179,"decodeP95Ms":26.80000000000291,"workerBusyPercent":5.208333333333333,"hotPath":{"strict":false,"postLockRecoverySuppressed":false,"nativeTracks":0,"crcFastSuccesses":0,"crcFastPercent":0,"nativeMisses":0,"qrRsFallbacks":0,"anchorSuccesses":0,"anchorMisses":0,"thresholdFallbacks":0,"outOfFrameMisses":0,"bitstreamFailures":0,"crcFailures":0,"multiSampleRetries":0,"localRecoveryAttempts":0,"localRecoverySuccesses":0,"readFullAttempts":3,"fullScanJobs":3},"byKind":{"DIRECT RECOVERY Y8":{"jobs":3,"pixels":4812464,"processedPixels":4812464,"bytes":19249856,"tracks":0,"outputSymbols":7,"hits":0,"misses":0,"readFullAttempts":3,"fallbackAttempts":0,"fallbackSuccesses":0,"fallbackFailures":0,"targetedAttempts":0,"targetedPixels":0,"targetedSuccesses":0},"Y8 TRACKED GRID":{"jobs":27,"pixels":87783696,"processedPixels":87783696,"bytes":351134784,"tracks":486,"outputSymbols":486,"hits":486,"misses":0,"readFullAttempts":0,"fallbackAttempts":0,"fallbackSuccesses":0,"fallbackFailures":0,"targetedAttempts":0,"targetedPixels":0,"targetedSuccesses":0}},"decodeErrors":[],"checks":{"productionOnly":true,"allFramesReplayed":true,"decodedSomething":true,"discoveredLayout":true,"scheduledWork":true,"noDecodeErrors":true,"oracleSkipped":true},"ok":true,"normalized":{"guidedOutputYield":1,"turboYield":1,"stableRsYield":1,"dataOnlyYield":1,"sampleMsPerTrack":0.23786008230443392,"sampleMsPerOutput":0.23786008230443392,"decodeMsPerOutput":0.07674897119354139,"guidedMsPerTrack":0.34547325102876464,"guidedMsPerOutput":0.34547325102876464,"guidedMsPerJob":6.218518518517764,"stableRsAttemptsPerTrack":0.07407407407407407,"dataOnlyAttemptsPerTrack":0.8888888888888888},"wallTimeMs":1543},"motion-y8":{"version":"v0.5.233","productionOnly":true,"frames":28,"expectedFrames":28,"decodedPackets":364,"uniqueSymbols":144,"decodedSlots":[0,1,2,3,4,5,6,7,8,9,10,11,12,13,14,15,16,17],"slotCounts":{"0":14,"1":18,"2":17,"3":19,"4":22,"5":22,"6":22,"7":22,"8":22,"9":21,"10":22,"11":22,"12":21,"13":23,"14":22,"15":17,"16":20,"17":18},"qrPerSecond":404.4444444444444,"uniqueUsefulQrPerSecond":159.99999999999997,"verifiedKBPerSecond":42.87977430555555,"firstProductionFrame":0,"firstGridLockFrame":4,"firstLockedStateFrame":4,"stateCounts":{"SEARCH":5,"GRID_LOCK":1,"TRACK":22},"finalState":"TRACK","transitions":2,"jobs":26,"fullJobs":3,"trackedJobs":23,"guidedJobs":22,"guidedTracks":396,"guidedOutputs":349,"guided":{"jobs":22,"tracks":396,"outputs":349,"turboAttempts":344,"turboSuccesses":113,"stableEligibleTracks":333,"stableRsAttempts":118,"stableRsSuccesses":100,"dataOnlyAttempts":17,"dataOnlySuccesses":13,"rsFallbacks":353,"sparseAttempts":256,"sparseSuccesses":235,"genericFallbackTracks":21,"genericFallbackSuccesses":1,"genericDecodeAttempts":1,"binarizeMs":83.40000000002328,"finderMs":5.800000000017462,"sampleMs":194.10000000000582,"decodeMs":90.10000000003492,"totalMs":382.6000000000204},"tailFullJobs":0,"tailTrackedJobs":14,"decodeP50Ms":17.29999999998836,"decodeP95Ms":27.30000000000291,"workerBusyPercent":5.952380952380952,"hotPath":{"strict":false,"postLockRecoverySuppressed":false,"nativeTracks":0,"crcFastSuccesses":0,"crcFastPercent":0,"nativeMisses":0,"qrRsFallbacks":0,"anchorSuccesses":0,"anchorMisses":0,"thresholdFallbacks":0,"outOfFrameMisses":0,"bitstreamFailures":0,"crcFailures":0,"multiSampleRetries":0,"localRecoveryAttempts":1,"localRecoverySuccesses":1,"readFullAttempts":4,"fullScanJobs":3},"byKind":{"DIRECT RECOVERY Y8":{"jobs":3,"pixels":4812464,"processedPixels":4812464,"bytes":19249856,"tracks":0,"outputSymbols":7,"hits":0,"misses":0,"readFullAttempts":3,"fallbackAttempts":0,"fallbackSuccesses":0,"fallbackFailures":0,"targetedAttempts":0,"targetedPixels":0,"targetedSuccesses":0},"Y8 TRACKED GRID":{"jobs":23,"pixels":74778704,"processedPixels":74778704,"bytes":299114816,"tracks":414,"outputSymbols":357,"hits":349,"misses":47,"readFullAttempts":1,"fallbackAttempts":1,"fallbackSuccesses":1,"fallbackFailures":0,"targetedAttempts":0,"targetedPixels":0,"targetedSuccesses":0}},"decodeErrors":[],"checks":{"productionOnly":true,"allFramesReplayed":true,"decodedSomething":true,"discoveredLayout":true,"scheduledWork":true,"noDecodeErrors":true,"oracleSkipped":true},"ok":true,"normalized":{"guidedOutputYield":0.8813131313131313,"turboYield":0.32848837209302323,"stableRsYield":0.847457627118644,"dataOnlyYield":0.7647058823529411,"sampleMsPerTrack":0.4901515151515298,"sampleMsPerOutput":0.5561604584527388,"decodeMsPerOutput":0.2581661891118479,"guidedMsPerTrack":0.9661616161616676,"guidedMsPerOutput":1.0962750716332963,"guidedMsPerJob":17.390909090910018,"stableRsAttemptsPerTrack":0.29797979797979796,"dataOnlyAttemptsPerTrack":0.04292929292929293},"wallTimeMs":4325},"dense-y8":{"version":"v0.5.233","productionOnly":true,"frames":20,"expectedFrames":20,"decodedPackets":267,"uniqueSymbols":155,"decodedSlots":[0,1,2,3,4,5,6,7,8,9,10,11,12,13,14,15,16,17],"slotCounts":{"0":15,"1":15,"2":14,"3":15,"4":14,"5":14,"6":16,"7":14,"8":14,"9":16,"10":14,"11":14,"12":17,"13":15,"14":14,"15":17,"16":15,"17":14},"qrPerSecond":421.578947368421,"uniqueUsefulQrPerSecond":244.73684210526312,"verifiedKBPerSecond":60.93441611842105,"firstProductionFrame":0,"firstGridLockFrame":4,"firstLockedStateFrame":4,"stateCounts":{"SEARCH":5,"GRID_LOCK":1,"TRACK":14},"finalState":"TRACK","transitions":2,"jobs":18,"fullJobs":3,"trackedJobs":15,"guidedJobs":14,"guidedTracks":252,"guidedOutputs":252,"guided":{"jobs":14,"tracks":252,"outputs":252,"turboAttempts":216,"turboSuccesses":216,"stableEligibleTracks":216,"stableRsAttempts":72,"stableRsSuccesses":72,"dataOnlyAttempts":144,"dataOnlySuccesses":144,"rsFallbacks":108,"sparseAttempts":36,"sparseSuccesses":36,"genericFallbackTracks":0,"genericFallbackSuccesses":0,"genericDecodeAttempts":0,"binarizeMs":12.900000000008731,"finderMs":0.8000000000174623,"sampleMs":246.00000000013097,"decodeMs":86.89999999992142,"totalMs":352.70000000001164},"tailFullJobs":0,"tailTrackedJobs":10,"decodeP50Ms":20,"decodeP95Ms":61.69999999999709,"workerBusyPercent":13.333333333333334,"hotPath":{"strict":false,"postLockRecoverySuppressed":false,"nativeTracks":0,"crcFastSuccesses":0,"crcFastPercent":0,"nativeMisses":0,"qrRsFallbacks":0,"anchorSuccesses":0,"anchorMisses":0,"thresholdFallbacks":0,"outOfFrameMisses":0,"bitstreamFailures":0,"crcFailures":0,"multiSampleRetries":0,"localRecoveryAttempts":1,"localRecoverySuccesses":1,"readFullAttempts":4,"fullScanJobs":3},"byKind":{"DIRECT RECOVERY Y8":{"jobs":3,"pixels":3405708,"processedPixels":3405708,"bytes":13622832,"tracks":0,"outputSymbols":7,"hits":0,"misses":0,"readFullAttempts":3,"fallbackAttempts":0,"fallbackSuccesses":0,"fallbackFailures":0,"targetedAttempts":0,"targetedPixels":0,"targetedSuccesses":0},"Y8 TRACKED GRID":{"jobs":15,"pixels":34314900,"processedPixels":34314900,"bytes":137259600,"tracks":270,"outputSymbols":260,"hits":252,"misses":0,"readFullAttempts":1,"fallbackAttempts":1,"fallbackSuccesses":1,"fallbackFailures":0,"targetedAttempts":0,"targetedPixels":0,"targetedSuccesses":0}},"decodeErrors":[],"checks":{"productionOnly":true,"allFramesReplayed":true,"decodedSomething":true,"discoveredLayout":true,"scheduledWork":true,"noDecodeErrors":true,"oracleSkipped":true},"ok":true,"normalized":{"guidedOutputYield":1,"turboYield":1,"stableRsYield":1,"dataOnlyYield":1,"sampleMsPerTrack":0.9761904761909959,"sampleMsPerOutput":0.9761904761909959,"decodeMsPerOutput":0.34484126984095803,"guidedMsPerTrack":1.3996031746032207,"guidedMsPerOutput":1.3996031746032207,"guidedMsPerJob":25.192857142857974,"stableRsAttemptsPerTrack":0.2857142857142857,"dataOnlyAttemptsPerTrack":0.5714285714285714},"wallTimeMs":1401},"buffered-rgba":{"version":"v0.5.233","productionOnly":true,"frames":20,"expectedFrames":20,"decodedPackets":277,"uniqueSymbols":75,"decodedSlots":[0,1,2,3,4,5,6,7,8,9,10,11,12,13,14,15,16,17],"slotCounts":{"0":15,"1":16,"2":15,"3":15,"4":15,"5":15,"6":16,"7":15,"8":15,"9":16,"10":15,"11":15,"12":17,"13":15,"14":15,"15":17,"16":15,"17":15},"qrPerSecond":437.3684210526315,"uniqueUsefulQrPerSecond":118.42105263157893,"verifiedKBPerSecond":60.93441611842105,"firstProductionFrame":0,"firstGridLockFrame":4,"firstLockedStateFrame":4,"stateCounts":{"SEARCH":5,"GRID_LOCK":1,"TRACK":14},"finalState":"TRACK","transitions":2,"jobs":18,"fullJobs":3,"trackedJobs":15,"guidedJobs":0,"guidedTracks":0,"guidedOutputs":0,"guided":{"jobs":0,"tracks":0,"outputs":0,"turboAttempts":0,"turboSuccesses":0,"stableEligibleTracks":0,"stableRsAttempts":0,"stableRsSuccesses":0,"dataOnlyAttempts":0,"dataOnlySuccesses":0,"rsFallbacks":0,"sparseAttempts":0,"sparseSuccesses":0,"genericFallbackTracks":0,"genericFallbackSuccesses":0,"genericDecodeAttempts":0,"binarizeMs":0,"finderMs":0,"sampleMs":0,"decodeMs":0,"totalMs":0},"tailFullJobs":0,"tailTrackedJobs":10,"decodeP50Ms":23.19999999999709,"decodeP95Ms":56.69999999999709,"workerBusyPercent":26.66666666666666,"hotPath":{"strict":false,"postLockRecoverySuppressed":false,"nativeTracks":270,"crcFastSuccesses":270,"crcFastPercent":100,"nativeMisses":0,"qrRsFallbacks":0,"anchorSuccesses":0,"anchorMisses":0,"thresholdFallbacks":0,"outOfFrameMisses":0,"bitstreamFailures":0,"crcFailures":0,"multiSampleRetries":0,"localRecoveryAttempts":0,"localRecoverySuccesses":0,"readFullAttempts":3,"fullScanJobs":3},"byKind":{"FULL FRAME":{"jobs":3,"pixels":4812464,"processedPixels":4812464,"bytes":0,"tracks":0,"outputSymbols":7,"hits":0,"misses":0,"readFullAttempts":3,"fallbackAttempts":0,"fallbackSuccesses":0,"fallbackFailures":0,"targetedAttempts":0,"targetedPixels":0,"targetedSuccesses":0},"NATIVE TRACKED GRID":{"jobs":15,"pixels":48768720,"processedPixels":48768720,"bytes":0,"tracks":270,"outputSymbols":270,"hits":270,"misses":0,"readFullAttempts":0,"fallbackAttempts":0,"fallbackSuccesses":0,"fallbackFailures":0,"targetedAttempts":0,"targetedPixels":0,"targetedSuccesses":0}},"decodeErrors":[],"checks":{"productionOnly":true,"allFramesReplayed":true,"decodedSomething":true,"discoveredLayout":true,"scheduledWork":true,"noDecodeErrors":true,"oracleSkipped":true},"ok":true,"normalized":{"guidedOutputYield":0,"turboYield":0,"stableRsYield":0,"dataOnlyYield":0,"sampleMsPerTrack":0,"sampleMsPerOutput":0,"decodeMsPerOutput":0,"guidedMsPerTrack":0,"guidedMsPerOutput":0,"guidedMsPerJob":0,"stableRsAttemptsPerTrack":0,"dataOnlyAttemptsPerTrack":0},"wallTimeMs":1020}}}
