v234 candidate rejected at 2026-08-18T00:16:57Z
{
  "hardOpticalMsPerQr": {
    "before": 4.365018832391737,
    "after": 4.548101851851809
  },
  "phase": {
    "searches": 352,
    "recoveries": 60,
    "optical": {
      "jobs": 15,
      "moduleSizeAvg": 1.9963246592133164,
      "moduleSizeMin": 1.9880137761518437,
      "moduleSizeMax": 2.0018706369931976,
      "tracks": 270,
      "outputs": 270,
      "turboAttempts": 214,
      "turboSuccesses": 132,
      "stableEligibleTracks": 214,
      "stableRsAttempts": 145,
      "stableRsSuccesses": 132,
      "stableLevelMisses": 146,
      "localPhaseSearches": 194,
      "localPhaseFinderRecoveries": 125,
      "localPhaseDecodeRecoveries": 35,
      "dataOnlyAttempts": 0,
      "dataOnlySuccesses": 0,
      "rsFallbacks": 283,
      "sparseAttempts": 138,
      "sparseSuccesses": 136,
      "genericFallbackTracks": 2,
      "genericFallbackSuccesses": 2,
      "genericDecodeAttempts": 2,
      "binarizeMs": 66.9999999999709,
      "finderMs": 2.6000000000931323,
      "sampleMs": 753.0999999994528,
      "decodeMs": 352.8000000002794,
      "totalMs": 1190.100000000035
    },
    "camera": {
      "jobs": 12,
      "moduleSizeAvg": 2.3182429833862517,
      "moduleSizeMin": 2.3081456408757406,
      "moduleSizeMax": 2.3242064723203133,
      "tracks": 216,
      "outputs": 216,
      "turboAttempts": 162,
      "turboSuccesses": 76,
      "stableEligibleTracks": 162,
      "stableRsAttempts": 80,
      "stableRsSuccesses": 69,
      "stableLevelMisses": 122,
      "localPhaseSearches": 158,
      "localPhaseFinderRecoveries": 83,
      "localPhaseDecodeRecoveries": 25,
      "dataOnlyAttempts": 15,
      "dataOnlySuccesses": 7,
      "rsFallbacks": 220,
      "sparseAttempts": 140,
      "sparseSuccesses": 140,
      "genericFallbackTracks": 0,
      "genericFallbackSuccesses": 0,
      "genericDecodeAttempts": 0,
      "binarizeMs": 81.49999999994179,
      "finderMs": 2.799999999930151,
      "sampleMs": 620.8000000002212,
      "decodeMs": 295.4999999998254,
      "totalMs": 1012.6999999999534
    }
  },
  "stable": {
    "before": {
      "guidedMsPerTrack": 0.555349794238731,
      "guidedMsPerOutput": 0.555349794238731,
      "sampleMsPerTrack": 0.3841563786008171,
      "decodeP50Ms": 9.099999999998545,
      "decodeP95Ms": 38.299999999995634,
      "guidedOutputYield": 1,
      "turboYield": 1,
      "stableRsYield": 1,
      "dataOnlyYield": 1
    },
    "after": {
      "guidedMsPerTrack": 0.5679203539819403,
      "guidedMsPerOutput": 0.5679203539819403,
      "sampleMsPerTrack": 0.438274336282748,
      "decodeP50Ms": 8.699999999982538,
      "decodeP95Ms": 31.70000000001164,
      "guidedOutputYield": 1,
      "turboYield": 1,
      "stableRsYield": 1,
      "dataOnlyYield": 1
    }
  },
  "motion": {
    "before": {
      "guidedMsPerTrack": 1.175757575757572,
      "guidedMsPerOutput": 1.311898016997266,
      "sampleMsPerTrack": 0.5959595959596143,
      "decodeP50Ms": 22.30000000000291,
      "decodeP95Ms": 29.89999999999418,
      "guidedOutputYield": 0.8914141414141414,
      "turboYield": 0.3808139534883721,
      "stableRsYield": 0.8793103448275862,
      "dataOnlyYield": 0.8787878787878788
    },
    "after": {
      "guidedMsPerTrack": 1.283862433862634,
      "guidedMsPerOutput": 1.4318435754190106,
      "sampleMsPerTrack": 0.6846560846556689,
      "decodeP50Ms": 22.900000000023283,
      "decodeP95Ms": 31.20000000001164,
      "guidedOutputYield": 0.8913043478260869,
      "turboYield": 0.5454545454545454,
      "stableRsYield": 0.9854014598540146,
      "dataOnlyYield": 0.7538461538461538
    }
  },
  "dense": {
    "before": {
      "guidedMsPerTrack": 1.9818897637796191,
      "guidedMsPerOutput": 1.9818897637796191,
      "sampleMsPerTrack": 1.4062992125983564,
      "decodeP50Ms": 29,
      "decodeP95Ms": 70.69999999999709,
      "guidedOutputYield": 1,
      "turboYield": 1,
      "stableRsYield": 1,
      "dataOnlyYield": 1
    },
    "after": {
      "guidedMsPerTrack": 2.2892592592590653,
      "guidedMsPerOutput": 2.2892592592590653,
      "sampleMsPerTrack": 1.5654761904761905,
      "decodeP50Ms": 33,
      "decodeP95Ms": 78.79999999998836,
      "guidedOutputYield": 1,
      "turboYield": 1,
      "stableRsYield": 1,
      "dataOnlyYield": 1
    }
  }
}
[stdin]:32
if(problems.length) throw new Error(problems.join('; '));
                    ^

Error: hard optical median 4.548ms/QR did not beat 4.365 by 5%; clean dense regressed
    at [stdin]:32:27
    at runScriptInThisContext (node:internal/vm:209:10)
    at node:internal/process/execution:446:12
    at [stdin]-wrapper:6:24
    at runScriptInContext (node:internal/process/execution:444:60)
    at evalFunction (node:internal/process/execution:279:30)
    at evalTypeScript (node:internal/process/execution:291:3)
    at node:internal/main/eval_stdin:53:5
    at Socket.<anonymous> (node:internal/process/execution:201:5)
    at Socket.emit (node:events:531:35)

Node.js v22.23.2
From https://github.com/zxing-cpp/zxing-cpp
 * branch              3e09874a9ca7c191d67101f302a1f53c71a118cc -> FETCH_HEAD
HEAD is now at 3e09874a Log: LogMatrix.h -> Log.h + printf -> log_[t|l|r]
emcmake: cmake -S . -B build-simd -G Ninja -DCMAKE_BUILD_TYPE=Release -DDECIMEN_SIMD=ON -DDECIMEN_CODEC_VERSION=0.1.43 -DDECIMEN_CODEC_BUILD=cd4c02b-dirty -DCMAKE_TOOLCHAIN_FILE=/home/runner/work/AirGapper/AirGapper/vendor/decimen-codec/source/emsdk/upstream/emscripten/cmake/Modules/Platform/Emscripten.cmake -DCMAKE_CROSSCOMPILING_EMULATOR=/home/runner/work/AirGapper/AirGapper/vendor/decimen-codec/source/emsdk/node/24.19.0_64bit/bin/node in directory /home/runner/work/AirGapper/AirGapper/vendor/decimen-codec/source
[1/2] Building CXX object CMakeFiles/decimen_codec.dir/wrapper/decimen_codec.cpp.o
[2/2] Linking CXX executable decimen_codec.js
From https://github.com/zxing-cpp/zxing-cpp
 * branch              3e09874a9ca7c191d67101f302a1f53c71a118cc -> FETCH_HEAD
HEAD is now at 3e09874a Log: LogMatrix.h -> Log.h + printf -> log_[t|l|r]
emcmake: cmake -S . -B build-scalar -G Ninja -DCMAKE_BUILD_TYPE=Release -DDECIMEN_SIMD=OFF -DDECIMEN_CODEC_VERSION=0.1.43 -DDECIMEN_CODEC_BUILD=cd4c02b-dirty -DCMAKE_TOOLCHAIN_FILE=/home/runner/work/AirGapper/AirGapper/vendor/decimen-codec/source/emsdk/upstream/emscripten/cmake/Modules/Platform/Emscripten.cmake -DCMAKE_CROSSCOMPILING_EMULATOR=/home/runner/work/AirGapper/AirGapper/vendor/decimen-codec/source/emsdk/node/24.19.0_64bit/bin/node in directory /home/runner/work/AirGapper/AirGapper/vendor/decimen-codec/source
[1/2] Building CXX object CMakeFiles/decimen_codec.dir/wrapper/decimen_codec.cpp.o
[2/2] Linking CXX executable decimen_codec.js
AIRGAPPER_SENDER_PROFILE stable-1000B 2548x1276 frames=8
AIRGAPPER_SENDER_PROFILE motion-1000B 2548x1276 frames=20
AIRGAPPER_SENDER_PROFILE dense-2953B 2138x1070 frames=10
AIRGAPPER_SENDER_PROFILE optical-dense-2953B 2138x1070 frames=20
AIRGAPPER_SENDER_PROFILE camera-dense-2953B 1440x2560 frames=20
AIRGAPPER_FAST_REGRESSION_START stable-y8 trial=1/3
AIRGAPPER_FAST_REGRESSION_TRIAL stable-y8 1 {"guidedMsPerOutput":0.5476595744681966,"sampleMsPerTrack":0.41978723404228074,"p50":8.699999999982538,"p95":31.70000000001164,"yield":1,"turbo":1,"stableRS":1,"noRS":1}
AIRGAPPER_FAST_REGRESSION_START stable-y8 trial=2/3
AIRGAPPER_FAST_REGRESSION_TRIAL stable-y8 2 {"guidedMsPerOutput":0.6200854700856815,"sampleMsPerTrack":0.4555555555557048,"p50":8.89999999999418,"p95":34.79999999998836,"yield":1,"turbo":1,"stableRS":1,"noRS":1}
AIRGAPPER_FAST_REGRESSION_START stable-y8 trial=3/3
AIRGAPPER_FAST_REGRESSION_TRIAL stable-y8 3 {"guidedMsPerOutput":0.5679203539819403,"sampleMsPerTrack":0.438274336282748,"p50":8.5,"p95":29.10000000000582,"yield":1,"turbo":1,"stableRS":1,"noRS":1}
AIRGAPPER_FAST_REGRESSION_RESULT stable-y8 {"version":"v0.5.234","productionOnly":true,"frames":32,"expectedFrames":32,"decodedPackets":467,"uniqueSymbols":59,"decodedSlots":[0,1,2,3,4,5,6,7,8,9,10,11,12,13,14,15,16,17],"slotCounts":{"0":26,"1":26,"2":25,"3":26,"4":25,"5":25,"6":27,"7":25,"8":25,"9":27,"10":25,"11":25,"12":29,"13":26,"14":25,"15":29,"16":26,"17":25},"qrPerSecond":451.9354838709677,"uniqueUsefulQrPerSecond":57.096774193548384,"verifiedKBPerSecond":37.3469002016129,"firstProductionFrame":0,"lockTriggerSourceFrame":5,"firstGridLockFrame":6,"firstLockedStateFrame":6,"stateCounts":{"SEARCH":6,"GRID_LOCK":1,"TRACK":25},"finalState":"TRACK","transitions":2,"jobs":30,"fullJobs":3,"trackedJobs":27,"guidedJobs":26,"guidedTracks":452,"guidedOutputs":452,"guided":{"jobs":26,"moduleSizeAvg":3.9999999999999964,"moduleSizeMin":3.999999999999916,"moduleSizeMax":4.000000000000009,"tracks":452,"outputs":452,"turboAttempts":432,"turboSuccesses":432,"stableEligibleTracks":432,"stableRsAttempts":36,"stableRsSuccesses":36,"stableLevelMisses":0,"localPhaseSearches":0,"localPhaseFinderRecoveries":0,"localPhaseDecodeRecoveries":0,"dataOnlyAttempts":396,"dataOnlySuccesses":396,"rsFallbacks":56,"sparseAttempts":20,"sparseSuccesses":20,"genericFallbackTracks":0,"genericFallbackSuccesses":0,"genericDecodeAttempts":0,"binarizeMs":5.899999999965075,"finderMs":0.7000000000116415,"sampleMs":198.0999999998021,"decodeMs":44.300000000104774,"totalMs":256.699999999837},"tailFullJobs":0,"tailTrackedJobs":16,"decodeP50Ms":8.5,"decodeP95Ms":29.10000000000582,"workerBusyPercent":6.249999999999999,"hotPath":{"strict":false,"postLockRecoverySuppressed":false,"nativeTracks":0,"crcFastSuccesses":0,"crcFastPercent":0,"nativeMisses":0,"qrRsFallbacks":0,"anchorSuccesses":0,"anchorMisses":0,"thresholdFallbacks":0,"outOfFrameMisses":0,"bitstreamFailures":0,"crcFailures":0,"multiSampleRetries":0,"localRecoveryAttempts":1,"localRecoverySuccesses":1,"readFullAttempts":4,"fullScanJobs":3},"byKind":{"DIRECT RECOVERY Y8":{"jobs":3,"pixels":4812464,"processedPixels":4812464,"bytes":19249856,"tracks":0,"outputSymbols":7,"hits":0,"misses":0,"readFullAttempts":3,"fallbackAttempts":0,"fallbackSuccesses":0,"fallbackFailures":0,"targetedAttempts":0,"targetedPixels":0,"targetedSuccesses":0},"Y8 TRACKED GRID":{"jobs":27,"pixels":84962528,"processedPixels":84962528,"bytes":339850112,"tracks":470,"outputSymbols":460,"hits":452,"misses":0,"readFullAttempts":1,"fallbackAttempts":1,"fallbackSuccesses":1,"fallbackFailures":0,"targetedAttempts":0,"targetedPixels":0,"targetedSuccesses":0}},"decodeErrors":[],"checks":{"productionOnly":true,"allFramesReplayed":true,"decodedSomething":true,"discoveredLayout":true,"scheduledWork":true,"noDecodeErrors":true,"oracleSkipped":true},"ok":true,"normalized":{"guidedOutputYield":1,"turboYield":1,"stableRsYield":1,"dataOnlyYield":1,"sampleMsPerTrack":0.438274336282748,"sampleMsPerOutput":0.438274336282748,"decodeMsPerOutput":0.09800884955775392,"guidedMsPerTrack":0.5679203539819403,"guidedMsPerOutput":0.5679203539819403,"guidedMsPerJob":9.873076923070654,"stableRsAttemptsPerTrack":0.07964601769911504,"dataOnlyAttemptsPerTrack":0.8761061946902655},"wallTimeMs":1584,"trialCount":3,"selectedTrial":3,"trialMedians":{"guidedMsPerTrack":0.5679203539819403,"guidedMsPerOutput":0.5679203539819403,"sampleMsPerTrack":0.438274336282748,"decodeP50Ms":8.699999999982538,"decodeP95Ms":31.70000000001164,"guidedOutputYield":1,"turboYield":1,"stableRsYield":1,"dataOnlyYield":1},"trialSpread":{"guidedMsPerOutput":[0.5476595744681966,0.6200854700856815,0.5679203539819403],"sampleMsPerTrack":[0.41978723404228074,0.4555555555557048,0.438274336282748],"decodeP50Ms":[8.699999999982538,8.89999999999418,8.5]}}
AIRGAPPER_FAST_REGRESSION_START motion-y8 trial=1/3
AIRGAPPER_FAST_REGRESSION_TRIAL motion-y8 1 {"guidedMsPerOutput":1.4318435754190106,"sampleMsPerTrack":0.7186868686868099,"p50":22.900000000023283,"p95":34.69999999998254,"yield":0.9040404040404041,"turbo":0.5791044776119403,"stableRS":0.9731543624161074,"noRS":0.7538461538461538}
AIRGAPPER_FAST_REGRESSION_START motion-y8 trial=2/3
AIRGAPPER_FAST_REGRESSION_TRIAL motion-y8 2 {"guidedMsPerOutput":1.2926829268292683,"sampleMsPerTrack":0.6490338164247271,"p50":22.199999999982538,"p95":31.20000000001164,"yield":0.8913043478260869,"turbo":0.5454545454545454,"stableRS":0.9854014598540146,"noRS":0.8873239436619719}
AIRGAPPER_FAST_REGRESSION_START motion-y8 trial=3/3
AIRGAPPER_FAST_REGRESSION_TRIAL motion-y8 3 {"guidedMsPerOutput":1.4573573573575846,"sampleMsPerTrack":0.6846560846556689,"p50":23.300000000017462,"p95":30.60000000000582,"yield":0.8809523809523809,"turbo":0.4892966360856269,"stableRS":0.9859154929577465,"noRS":0.7142857142857143}
AIRGAPPER_FAST_REGRESSION_RESULT motion-y8 {"version":"v0.5.234","productionOnly":true,"frames":28,"expectedFrames":28,"decodedPackets":373,"uniqueSymbols":144,"decodedSlots":[0,1,2,3,4,5,6,7,8,9,10,11,12,13,14,15,16,17],"slotCounts":{"0":14,"1":18,"2":18,"3":20,"4":22,"5":23,"6":23,"7":23,"8":23,"9":21,"10":22,"11":23,"12":21,"13":23,"14":23,"15":17,"16":20,"17":19},"qrPerSecond":414.4444444444444,"uniqueUsefulQrPerSecond":159.99999999999997,"verifiedKBPerSecond":42.87977430555555,"firstProductionFrame":0,"lockTriggerSourceFrame":4,"firstGridLockFrame":5,"firstLockedStateFrame":5,"stateCounts":{"SEARCH":5,"GRID_LOCK":1,"TRACK":22},"finalState":"TRACK","transitions":2,"jobs":26,"fullJobs":3,"trackedJobs":23,"guidedJobs":22,"guidedTracks":396,"guidedOutputs":358,"guided":{"jobs":22,"moduleSizeAvg":3.996419510517565,"moduleSizeMin":3.9657441504033706,"moduleSizeMax":4.031652767249889,"tracks":396,"outputs":358,"turboAttempts":335,"turboSuccesses":194,"stableEligibleTracks":326,"stableRsAttempts":149,"stableRsSuccesses":145,"stableLevelMisses":200,"localPhaseSearches":236,"localPhaseFinderRecoveries":105,"localPhaseDecodeRecoveries":32,"dataOnlyAttempts":65,"dataOnlySuccesses":49,"rsFallbacks":312,"sparseAttempts":179,"sparseSuccesses":163,"genericFallbackTracks":16,"genericFallbackSuccesses":1,"genericDecodeAttempts":1,"binarizeMs":106.69999999998254,"finderMs":6.399999999994179,"sampleMs":284.5999999999767,"decodeMs":101.00000000005821,"totalMs":512.6000000000058},"tailFullJobs":0,"tailTrackedJobs":14,"decodeP50Ms":22.900000000023283,"decodeP95Ms":34.69999999998254,"workerBusyPercent":8.333333333333332,"hotPath":{"strict":false,"postLockRecoverySuppressed":false,"nativeTracks":0,"crcFastSuccesses":0,"crcFastPercent":0,"nativeMisses":0,"qrRsFallbacks":0,"anchorSuccesses":0,"anchorMisses":0,"thresholdFallbacks":0,"outOfFrameMisses":0,"bitstreamFailures":0,"crcFailures":0,"multiSampleRetries":0,"localRecoveryAttempts":1,"localRecoverySuccesses":1,"readFullAttempts":4,"fullScanJobs":3},"byKind":{"DIRECT RECOVERY Y8":{"jobs":3,"pixels":4812464,"processedPixels":4812464,"bytes":19249856,"tracks":0,"outputSymbols":7,"hits":0,"misses":0,"readFullAttempts":3,"fallbackAttempts":0,"fallbackSuccesses":0,"fallbackFailures":0,"targetedAttempts":0,"targetedPixels":0,"targetedSuccesses":0},"Y8 TRACKED GRID":{"jobs":23,"pixels":74778704,"processedPixels":74778704,"bytes":299114816,"tracks":414,"outputSymbols":366,"hits":358,"misses":38,"readFullAttempts":1,"fallbackAttempts":1,"fallbackSuccesses":1,"fallbackFailures":0,"targetedAttempts":0,"targetedPixels":0,"targetedSuccesses":0}},"decodeErrors":[],"checks":{"productionOnly":true,"allFramesReplayed":true,"decodedSomething":true,"discoveredLayout":true,"scheduledWork":true,"noDecodeErrors":true,"oracleSkipped":true},"ok":true,"normalized":{"guidedOutputYield":0.9040404040404041,"turboYield":0.5791044776119403,"stableRsYield":0.9731543624161074,"dataOnlyYield":0.7538461538461538,"sampleMsPerTrack":0.7186868686868099,"sampleMsPerOutput":0.7949720670390411,"decodeMsPerOutput":0.28212290502809556,"guidedMsPerTrack":1.2944444444444592,"guidedMsPerOutput":1.4318435754190106,"guidedMsPerJob":23.300000000000264,"stableRsAttemptsPerTrack":0.37626262626262624,"dataOnlyAttemptsPerTrack":0.16414141414141414},"wallTimeMs":4702,"trialCount":3,"selectedTrial":1,"trialMedians":{"guidedMsPerTrack":1.283862433862634,"guidedMsPerOutput":1.4318435754190106,"sampleMsPerTrack":0.6846560846556689,"decodeP50Ms":22.900000000023283,"decodeP95Ms":31.20000000001164,"guidedOutputYield":0.8913043478260869,"turboYield":0.5454545454545454,"stableRsYield":0.9854014598540146,"dataOnlyYield":0.7538461538461538},"trialSpread":{"guidedMsPerOutput":[1.4318435754190106,1.2926829268292683,1.4573573573575846],"sampleMsPerTrack":[0.7186868686868099,0.6490338164247271,0.6846560846556689],"decodeP50Ms":[22.900000000023283,22.199999999982538,23.300000000017462]}}
AIRGAPPER_FAST_REGRESSION_START dense-y8 trial=1/3
AIRGAPPER_FAST_REGRESSION_TRIAL dense-y8 1 {"guidedMsPerOutput":2.298809523809362,"sampleMsPerTrack":1.5654761904761905,"p50":33.40000000002328,"p95":79.39999999999418,"yield":1,"turbo":1,"stableRS":1,"noRS":1}
AIRGAPPER_FAST_REGRESSION_START dense-y8 trial=2/3
AIRGAPPER_FAST_REGRESSION_TRIAL dense-y8 2 {"guidedMsPerOutput":2.2892592592590653,"sampleMsPerTrack":1.567407407407774,"p50":33,"p95":78.79999999998836,"yield":1,"turbo":1,"stableRS":1,"noRS":1}
AIRGAPPER_FAST_REGRESSION_START dense-y8 trial=3/3
AIRGAPPER_FAST_REGRESSION_TRIAL dense-y8 3 {"guidedMsPerOutput":2.1150793650792497,"sampleMsPerTrack":1.4734126984131142,"p50":32.10000000000582,"p95":71.39999999999418,"yield":1,"turbo":1,"stableRS":1,"noRS":1}
AIRGAPPER_FAST_REGRESSION_RESULT dense-y8 {"version":"v0.5.234","productionOnly":true,"frames":20,"expectedFrames":20,"decodedPackets":277,"uniqueSymbols":139,"decodedSlots":[0,1,2,3,4,5,6,7,8,9,10,11,12,13,14,15,16,17],"slotCounts":{"0":15,"1":16,"2":15,"3":15,"4":15,"5":15,"6":16,"7":15,"8":15,"9":16,"10":15,"11":15,"12":17,"13":15,"14":15,"15":17,"16":15,"17":15},"qrPerSecond":437.3684210526315,"uniqueUsefulQrPerSecond":219.4736842105263,"verifiedKBPerSecond":60.93441611842105,"firstProductionFrame":0,"lockTriggerSourceFrame":4,"firstGridLockFrame":5,"firstLockedStateFrame":5,"stateCounts":{"SEARCH":5,"GRID_LOCK":1,"TRACK":14},"finalState":"TRACK","transitions":2,"jobs":18,"fullJobs":3,"trackedJobs":15,"guidedJobs":15,"guidedTracks":270,"guidedOutputs":270,"guided":{"jobs":15,"moduleSizeAvg":1.9999999999999971,"moduleSizeMin":1.9999999999999862,"moduleSizeMax":2.000000000000003,"tracks":270,"outputs":270,"turboAttempts":216,"turboSuccesses":216,"stableEligibleTracks":216,"stableRsAttempts":144,"stableRsSuccesses":144,"stableLevelMisses":0,"localPhaseSearches":0,"localPhaseFinderRecoveries":0,"localPhaseDecodeRecoveries":0,"dataOnlyAttempts":72,"dataOnlySuccesses":72,"rsFallbacks":198,"sparseAttempts":54,"sparseSuccesses":54,"genericFallbackTracks":0,"genericFallbackSuccesses":0,"genericDecodeAttempts":0,"binarizeMs":14,"finderMs":0.7999999999592546,"sampleMs":423.20000000009895,"decodeMs":172.19999999998254,"totalMs":618.0999999999476},"tailFullJobs":0,"tailTrackedJobs":10,"decodeP50Ms":33,"decodeP95Ms":78.79999999998836,"workerBusyPercent":24.999999999999993,"hotPath":{"strict":false,"postLockRecoverySuppressed":false,"nativeTracks":0,"crcFastSuccesses":0,"crcFastPercent":0,"nativeMisses":0,"qrRsFallbacks":0,"anchorSuccesses":0,"anchorMisses":0,"thresholdFallbacks":0,"outOfFrameMisses":0,"bitstreamFailures":0,"crcFailures":0,"multiSampleRetries":0,"localRecoveryAttempts":0,"localRecoverySuccesses":0,"readFullAttempts":3,"fullScanJobs":3},"byKind":{"DIRECT RECOVERY Y8":{"jobs":3,"pixels":3405708,"processedPixels":3405708,"bytes":13622832,"tracks":0,"outputSymbols":7,"hits":0,"misses":0,"readFullAttempts":3,"fallbackAttempts":0,"fallbackSuccesses":0,"fallbackFailures":0,"targetedAttempts":0,"targetedPixels":0,"targetedSuccesses":0},"Y8 TRACKED GRID":{"jobs":15,"pixels":34314900,"processedPixels":34314900,"bytes":137259600,"tracks":270,"outputSymbols":270,"hits":270,"misses":0,"readFullAttempts":0,"fallbackAttempts":0,"fallbackSuccesses":0,"fallbackFailures":0,"targetedAttempts":0,"targetedPixels":0,"targetedSuccesses":0}},"decodeErrors":[],"checks":{"productionOnly":true,"allFramesReplayed":true,"decodedSomething":true,"discoveredLayout":true,"scheduledWork":true,"noDecodeErrors":true,"oracleSkipped":true},"ok":true,"normalized":{"guidedOutputYield":1,"turboYield":1,"stableRsYield":1,"dataOnlyYield":1,"sampleMsPerTrack":1.567407407407774,"sampleMsPerOutput":1.567407407407774,"decodeMsPerOutput":0.637777777777713,"guidedMsPerTrack":2.2892592592590653,"guidedMsPerOutput":2.2892592592590653,"guidedMsPerJob":41.206666666663175,"stableRsAttemptsPerTrack":0.5333333333333333,"dataOnlyAttemptsPerTrack":0.26666666666666666},"wallTimeMs":1316,"trialCount":3,"selectedTrial":2,"trialMedians":{"guidedMsPerTrack":2.2892592592590653,"guidedMsPerOutput":2.2892592592590653,"sampleMsPerTrack":1.5654761904761905,"decodeP50Ms":33,"decodeP95Ms":78.79999999998836,"guidedOutputYield":1,"turboYield":1,"stableRsYield":1,"dataOnlyYield":1},"trialSpread":{"guidedMsPerOutput":[2.298809523809362,2.2892592592590653,2.1150793650792497],"sampleMsPerTrack":[1.5654761904761905,1.567407407407774,1.4734126984131142],"decodeP50Ms":[33.40000000002328,33,32.10000000000582]}}
AIRGAPPER_FAST_REGRESSION_START optical-dense-y8 trial=1/3
AIRGAPPER_FAST_REGRESSION_TRIAL optical-dense-y8 1 {"guidedMsPerOutput":4.460317460317576,"sampleMsPerTrack":2.765873015873593,"p50":77.19999999998254,"p95":100,"yield":1,"turbo":0.6275510204081632,"stableRS":0.9389312977099237,"noRS":0}
AIRGAPPER_FAST_REGRESSION_START optical-dense-y8 trial=2/3
AIRGAPPER_FAST_REGRESSION_TRIAL optical-dense-y8 2 {"guidedMsPerOutput":4.407777777777907,"sampleMsPerTrack":2.789259259257233,"p50":80,"p95":96,"yield":1,"turbo":0.616822429906542,"stableRS":0.9103448275862069,"noRS":0}
AIRGAPPER_FAST_REGRESSION_START optical-dense-y8 trial=3/3
AIRGAPPER_FAST_REGRESSION_TRIAL optical-dense-y8 3 {"guidedMsPerOutput":4.34915254237261,"sampleMsPerTrack":2.8766949152545824,"p50":75.10000000000582,"p95":96.5,"yield":1,"turbo":0.6850828729281768,"stableRS":0.9185185185185185,"noRS":0}
AIRGAPPER_FAST_REGRESSION_RESULT optical-dense-y8 {"version":"v0.5.234","productionOnly":true,"frames":20,"expectedFrames":20,"decodedPackets":276,"uniqueSymbols":139,"decodedSlots":[0,1,2,3,4,5,6,7,8,9,10,11,12,13,14,15,16,17],"slotCounts":{"0":15,"1":16,"2":15,"3":15,"4":15,"5":15,"6":15,"7":15,"8":15,"9":15,"10":16,"11":15,"12":16,"13":16,"14":15,"15":16,"16":16,"17":15},"qrPerSecond":435.78947368421046,"uniqueUsefulQrPerSecond":219.4736842105263,"verifiedKBPerSecond":60.93441611842105,"firstProductionFrame":0,"lockTriggerSourceFrame":0,"firstGridLockFrame":4,"firstLockedStateFrame":4,"stateCounts":{"SEARCH":4,"GRID_LOCK":1,"TRACK":15},"finalState":"TRACK","transitions":2,"jobs":17,"fullJobs":2,"trackedJobs":15,"guidedJobs":15,"guidedTracks":270,"guidedOutputs":270,"guided":{"jobs":15,"moduleSizeAvg":1.9963246592133164,"moduleSizeMin":1.9880137761518437,"moduleSizeMax":2.0018706369931976,"tracks":270,"outputs":270,"turboAttempts":214,"turboSuccesses":132,"stableEligibleTracks":214,"stableRsAttempts":145,"stableRsSuccesses":132,"stableLevelMisses":146,"localPhaseSearches":194,"localPhaseFinderRecoveries":125,"localPhaseDecodeRecoveries":35,"dataOnlyAttempts":0,"dataOnlySuccesses":0,"rsFallbacks":283,"sparseAttempts":138,"sparseSuccesses":136,"genericFallbackTracks":2,"genericFallbackSuccesses":2,"genericDecodeAttempts":2,"binarizeMs":66.9999999999709,"finderMs":2.6000000000931323,"sampleMs":753.0999999994528,"decodeMs":352.8000000002794,"totalMs":1190.100000000035},"tailFullJobs":0,"tailTrackedJobs":9,"decodeP50Ms":80,"decodeP95Ms":96,"workerBusyPercent":58.33333333333333,"hotPath":{"strict":false,"postLockRecoverySuppressed":false,"nativeTracks":0,"crcFastSuccesses":0,"crcFastPercent":0,"nativeMisses":0,"qrRsFallbacks":0,"anchorSuccesses":0,"anchorMisses":0,"thresholdFallbacks":0,"outOfFrameMisses":0,"bitstreamFailures":0,"crcFailures":0,"multiSampleRetries":0,"localRecoveryAttempts":0,"localRecoverySuccesses":0,"readFullAttempts":2,"fullScanJobs":2},"byKind":{"DIRECT RECOVERY Y8":{"jobs":2,"pixels":2718252,"processedPixels":2718252,"bytes":10873008,"tracks":0,"outputSymbols":6,"hits":0,"misses":0,"readFullAttempts":2,"fallbackAttempts":0,"fallbackSuccesses":0,"fallbackFailures":0,"targetedAttempts":0,"targetedPixels":0,"targetedSuccesses":0},"Y8 TRACKED GRID":{"jobs":15,"pixels":34314900,"processedPixels":34314900,"bytes":137259600,"tracks":270,"outputSymbols":270,"hits":270,"misses":0,"readFullAttempts":0,"fallbackAttempts":0,"fallbackSuccesses":0,"fallbackFailures":0,"targetedAttempts":0,"targetedPixels":0,"targetedSuccesses":0}},"decodeErrors":[],"checks":{"productionOnly":true,"allFramesReplayed":true,"decodedSomething":true,"discoveredLayout":true,"scheduledWork":true,"noDecodeErrors":true,"oracleSkipped":true},"ok":true,"normalized":{"guidedOutputYield":1,"turboYield":0.616822429906542,"stableRsYield":0.9103448275862069,"dataOnlyYield":0,"sampleMsPerTrack":2.789259259257233,"sampleMsPerOutput":2.789259259257233,"decodeMsPerOutput":1.3066666666677014,"guidedMsPerTrack":4.407777777777907,"guidedMsPerOutput":4.407777777777907,"guidedMsPerJob":79.34000000000233,"stableRsAttemptsPerTrack":0.5370370370370371,"dataOnlyAttemptsPerTrack":0},"wallTimeMs":4204,"trialCount":3,"selectedTrial":2,"trialMedians":{"guidedMsPerTrack":4.407777777777907,"guidedMsPerOutput":4.407777777777907,"sampleMsPerTrack":2.789259259257233,"decodeP50Ms":77.19999999998254,"decodeP95Ms":96.5,"guidedOutputYield":1,"turboYield":0.6275510204081632,"stableRsYield":0.9185185185185185,"dataOnlyYield":0},"trialSpread":{"guidedMsPerOutput":[4.460317460317576,4.407777777777907,4.34915254237261],"sampleMsPerTrack":[2.765873015873593,2.789259259257233,2.8766949152545824],"decodeP50Ms":[77.19999999998254,80,75.10000000000582]}}
AIRGAPPER_FAST_REGRESSION_START camera-dense-y8 trial=1/3
AIRGAPPER_FAST_REGRESSION_TRIAL camera-dense-y8 1 {"guidedMsPerOutput":4.68842592592571,"sampleMsPerTrack":2.8740740740750983,"p50":81.19999999998254,"p95":102.60000000000582,"yield":1,"turbo":0.4691358024691358,"stableRS":0.8625,"noRS":0.4666666666666667}
AIRGAPPER_FAST_REGRESSION_START camera-dense-y8 trial=2/3
AIRGAPPER_FAST_REGRESSION_TRIAL camera-dense-y8 2 {"guidedMsPerOutput":4.578240740740848,"sampleMsPerTrack":2.8134259259253063,"p50":77,"p95":105.5,"yield":1,"turbo":0.47530864197530864,"stableRS":0.9036144578313253,"noRS":0.2}
AIRGAPPER_FAST_REGRESSION_START camera-dense-y8 trial=3/3
AIRGAPPER_FAST_REGRESSION_TRIAL camera-dense-y8 3 {"guidedMsPerOutput":4.814197530864162,"sampleMsPerTrack":2.929012345675599,"p50":75.20000000001164,"p95":113.69999999998254,"yield":1,"turbo":0.5370370370370371,"stableRS":0.8615384615384616,"noRS":0.25}
AIRGAPPER_FAST_REGRESSION_RESULT camera-dense-y8 {"version":"v0.5.234","productionOnly":true,"frames":20,"expectedFrames":20,"decodedPackets":219,"uniqueSymbols":113,"decodedSlots":[0,1,2,3,4,5,6,7,8,9,10,11,12,13,14,15,16,17],"slotCounts":{"0":12,"1":13,"2":12,"3":12,"4":12,"5":12,"6":12,"7":12,"8":12,"9":12,"10":12,"11":12,"12":12,"13":12,"14":13,"15":12,"16":12,"17":13},"qrPerSecond":345.78947368421046,"uniqueUsefulQrPerSecond":178.42105263157893,"verifiedKBPerSecond":60.93441611842105,"firstProductionFrame":1,"lockTriggerSourceFrame":4,"firstGridLockFrame":5,"firstLockedStateFrame":5,"stateCounts":{"SEARCH":5,"GRID_LOCK":1,"TRACK":14},"finalState":"TRACK","transitions":2,"jobs":15,"fullJobs":3,"trackedJobs":12,"guidedJobs":12,"guidedTracks":216,"guidedOutputs":216,"guided":{"jobs":12,"moduleSizeAvg":2.3182429833862517,"moduleSizeMin":2.3081456408757406,"moduleSizeMax":2.3242064723203133,"tracks":216,"outputs":216,"turboAttempts":162,"turboSuccesses":76,"stableEligibleTracks":162,"stableRsAttempts":80,"stableRsSuccesses":69,"stableLevelMisses":122,"localPhaseSearches":158,"localPhaseFinderRecoveries":83,"localPhaseDecodeRecoveries":25,"dataOnlyAttempts":15,"dataOnlySuccesses":7,"rsFallbacks":220,"sparseAttempts":140,"sparseSuccesses":140,"genericFallbackTracks":0,"genericFallbackSuccesses":0,"genericDecodeAttempts":0,"binarizeMs":81.49999999994179,"finderMs":2.799999999930151,"sampleMs":620.8000000002212,"decodeMs":295.4999999998254,"totalMs":1012.6999999999534},"tailFullJobs":0,"tailTrackedJobs":7,"decodeP50Ms":81.19999999998254,"decodeP95Ms":102.60000000000582,"workerBusyPercent":58.33333333333333,"hotPath":{"strict":false,"postLockRecoverySuppressed":false,"nativeTracks":0,"crcFastSuccesses":0,"crcFastPercent":0,"nativeMisses":0,"qrRsFallbacks":0,"anchorSuccesses":0,"anchorMisses":0,"thresholdFallbacks":0,"outOfFrameMisses":0,"bitstreamFailures":0,"crcFailures":0,"multiSampleRetries":0,"localRecoveryAttempts":0,"localRecoverySuccesses":0,"readFullAttempts":3,"fullScanJobs":3},"byKind":{"DIRECT RECOVERY Y8":{"jobs":3,"pixels":5360384,"processedPixels":5360384,"bytes":21441536,"tracks":0,"outputSymbols":3,"hits":0,"misses":0,"readFullAttempts":3,"fallbackAttempts":0,"fallbackSuccesses":0,"fallbackFailures":0,"targetedAttempts":0,"targetedPixels":0,"targetedSuccesses":0},"Y8 TRACKED GRID":{"jobs":12,"pixels":41287680,"processedPixels":41287680,"bytes":165150720,"tracks":216,"outputSymbols":216,"hits":216,"misses":0,"readFullAttempts":0,"fallbackAttempts":0,"fallbackSuccesses":0,"fallbackFailures":0,"targetedAttempts":0,"targetedPixels":0,"targetedSuccesses":0}},"decodeErrors":[],"checks":{"productionOnly":true,"allFramesReplayed":true,"decodedSomething":true,"discoveredLayout":true,"scheduledWork":true,"noDecodeErrors":true,"oracleSkipped":true},"ok":true,"normalized":{"guidedOutputYield":1,"turboYield":0.4691358024691358,"stableRsYield":0.8625,"dataOnlyYield":0.4666666666666667,"sampleMsPerTrack":2.8740740740750983,"sampleMsPerOutput":2.8740740740750983,"decodeMsPerOutput":1.3680555555547471,"guidedMsPerTrack":4.68842592592571,"guidedMsPerOutput":4.68842592592571,"guidedMsPerJob":84.39166666666279,"stableRsAttemptsPerTrack":0.37037037037037035,"dataOnlyAttemptsPerTrack":0.06944444444444445},"wallTimeMs":5244,"trialCount":3,"selectedTrial":1,"trialMedians":{"guidedMsPerTrack":4.68842592592571,"guidedMsPerOutput":4.68842592592571,"sampleMsPerTrack":2.8740740740750983,"decodeP50Ms":77,"decodeP95Ms":105.5,"guidedOutputYield":1,"turboYield":0.47530864197530864,"stableRsYield":0.8625,"dataOnlyYield":0.25},"trialSpread":{"guidedMsPerOutput":[4.68842592592571,4.578240740740848,4.814197530864162],"sampleMsPerTrack":[2.8740740740750983,2.8134259259253063,2.929012345675599],"decodeP50Ms":[81.19999999998254,77,75.20000000001164]}}
AIRGAPPER_FAST_REGRESSION_START buffered-rgba trial=1/1
AIRGAPPER_FAST_REGRESSION_TRIAL buffered-rgba 1 {"guidedMsPerOutput":0,"sampleMsPerTrack":0,"p50":31.79999999998836,"p95":56.29999999998836,"yield":0,"turbo":0,"stableRS":0,"noRS":0}
AIRGAPPER_FAST_REGRESSION_RESULT buffered-rgba {"version":"v0.5.234","productionOnly":true,"frames":20,"expectedFrames":20,"decodedPackets":277,"uniqueSymbols":75,"decodedSlots":[0,1,2,3,4,5,6,7,8,9,10,11,12,13,14,15,16,17],"slotCounts":{"0":15,"1":16,"2":15,"3":15,"4":15,"5":15,"6":16,"7":15,"8":15,"9":16,"10":15,"11":15,"12":17,"13":15,"14":15,"15":17,"16":15,"17":15},"qrPerSecond":437.3684210526315,"uniqueUsefulQrPerSecond":118.42105263157893,"verifiedKBPerSecond":60.93441611842105,"firstProductionFrame":0,"lockTriggerSourceFrame":4,"firstGridLockFrame":5,"firstLockedStateFrame":5,"stateCounts":{"SEARCH":5,"GRID_LOCK":1,"TRACK":14},"finalState":"TRACK","transitions":2,"jobs":18,"fullJobs":3,"trackedJobs":15,"guidedJobs":0,"guidedTracks":0,"guidedOutputs":0,"guided":{"jobs":0,"moduleSizeAvg":0,"moduleSizeMin":0,"moduleSizeMax":0,"tracks":0,"outputs":0,"turboAttempts":0,"turboSuccesses":0,"stableEligibleTracks":0,"stableRsAttempts":0,"stableRsSuccesses":0,"stableLevelMisses":0,"localPhaseSearches":0,"localPhaseFinderRecoveries":0,"localPhaseDecodeRecoveries":0,"dataOnlyAttempts":0,"dataOnlySuccesses":0,"rsFallbacks":0,"sparseAttempts":0,"sparseSuccesses":0,"genericFallbackTracks":0,"genericFallbackSuccesses":0,"genericDecodeAttempts":0,"binarizeMs":0,"finderMs":0,"sampleMs":0,"decodeMs":0,"totalMs":0},"tailFullJobs":0,"tailTrackedJobs":10,"decodeP50Ms":31.79999999998836,"decodeP95Ms":56.29999999998836,"workerBusyPercent":31.666666666666654,"hotPath":{"strict":false,"postLockRecoverySuppressed":false,"nativeTracks":270,"crcFastSuccesses":270,"crcFastPercent":100,"nativeMisses":0,"qrRsFallbacks":0,"anchorSuccesses":0,"anchorMisses":0,"thresholdFallbacks":0,"outOfFrameMisses":0,"bitstreamFailures":0,"crcFailures":0,"multiSampleRetries":0,"localRecoveryAttempts":0,"localRecoverySuccesses":0,"readFullAttempts":3,"fullScanJobs":3},"byKind":{"FULL FRAME":{"jobs":3,"pixels":4812464,"processedPixels":4812464,"bytes":0,"tracks":0,"outputSymbols":7,"hits":0,"misses":0,"readFullAttempts":3,"fallbackAttempts":0,"fallbackSuccesses":0,"fallbackFailures":0,"targetedAttempts":0,"targetedPixels":0,"targetedSuccesses":0},"NATIVE TRACKED GRID":{"jobs":15,"pixels":48768720,"processedPixels":48768720,"bytes":0,"tracks":270,"outputSymbols":270,"hits":270,"misses":0,"readFullAttempts":0,"fallbackAttempts":0,"fallbackSuccesses":0,"fallbackFailures":0,"targetedAttempts":0,"targetedPixels":0,"targetedSuccesses":0}},"decodeErrors":[],"checks":{"productionOnly":true,"allFramesReplayed":true,"decodedSomething":true,"discoveredLayout":true,"scheduledWork":true,"noDecodeErrors":true,"oracleSkipped":true},"ok":true,"normalized":{"guidedOutputYield":0,"turboYield":0,"stableRsYield":0,"dataOnlyYield":0,"sampleMsPerTrack":0,"sampleMsPerOutput":0,"decodeMsPerOutput":0,"guidedMsPerTrack":0,"guidedMsPerOutput":0,"guidedMsPerJob":0,"stableRsAttemptsPerTrack":0,"dataOnlyAttemptsPerTrack":0},"wallTimeMs":1040,"trialCount":1,"selectedTrial":1,"trialMedians":{"guidedMsPerTrack":0,"guidedMsPerOutput":0,"sampleMsPerTrack":0,"decodeP50Ms":31.79999999998836,"decodeP95Ms":56.29999999998836,"guidedOutputYield":0,"turboYield":0,"stableRsYield":0,"dataOnlyYield":0},"trialSpread":{"guidedMsPerOutput":[0],"sampleMsPerTrack":[0],"decodeP50Ms":[31.79999999998836]}}
AIRGAPPER_FAST_REGRESSION_PASS {"format":"AirGapper fast production regression","generatedAt":"2026-08-18T00:16:56.113Z","baseUrl":"http://127.0.0.1:8080/","sourceFrames":{"stable":8,"motion":20,"dense":10,"opticalDense":20,"cameraDense":20},"oracle":false,"browserErrors":[],"scenarios":{"stable-y8":{"version":"v0.5.234","productionOnly":true,"frames":32,"expectedFrames":32,"decodedPackets":467,"uniqueSymbols":59,"decodedSlots":[0,1,2,3,4,5,6,7,8,9,10,11,12,13,14,15,16,17],"slotCounts":{"0":26,"1":26,"2":25,"3":26,"4":25,"5":25,"6":27,"7":25,"8":25,"9":27,"10":25,"11":25,"12":29,"13":26,"14":25,"15":29,"16":26,"17":25},"qrPerSecond":451.9354838709677,"uniqueUsefulQrPerSecond":57.096774193548384,"verifiedKBPerSecond":37.3469002016129,"firstProductionFrame":0,"lockTriggerSourceFrame":5,"firstGridLockFrame":6,"firstLockedStateFrame":6,"stateCounts":{"SEARCH":6,"GRID_LOCK":1,"TRACK":25},"finalState":"TRACK","transitions":2,"jobs":30,"fullJobs":3,"trackedJobs":27,"guidedJobs":26,"guidedTracks":452,"guidedOutputs":452,"guided":{"jobs":26,"moduleSizeAvg":3.9999999999999964,"moduleSizeMin":3.999999999999916,"moduleSizeMax":4.000000000000009,"tracks":452,"outputs":452,"turboAttempts":432,"turboSuccesses":432,"stableEligibleTracks":432,"stableRsAttempts":36,"stableRsSuccesses":36,"stableLevelMisses":0,"localPhaseSearches":0,"localPhaseFinderRecoveries":0,"localPhaseDecodeRecoveries":0,"dataOnlyAttempts":396,"dataOnlySuccesses":396,"rsFallbacks":56,"sparseAttempts":20,"sparseSuccesses":20,"genericFallbackTracks":0,"genericFallbackSuccesses":0,"genericDecodeAttempts":0,"binarizeMs":5.899999999965075,"finderMs":0.7000000000116415,"sampleMs":198.0999999998021,"decodeMs":44.300000000104774,"totalMs":256.699999999837},"tailFullJobs":0,"tailTrackedJobs":16,"decodeP50Ms":8.5,"decodeP95Ms":29.10000000000582,"workerBusyPercent":6.249999999999999,"hotPath":{"strict":false,"postLockRecoverySuppressed":false,"nativeTracks":0,"crcFastSuccesses":0,"crcFastPercent":0,"nativeMisses":0,"qrRsFallbacks":0,"anchorSuccesses":0,"anchorMisses":0,"thresholdFallbacks":0,"outOfFrameMisses":0,"bitstreamFailures":0,"crcFailures":0,"multiSampleRetries":0,"localRecoveryAttempts":1,"localRecoverySuccesses":1,"readFullAttempts":4,"fullScanJobs":3},"byKind":{"DIRECT RECOVERY Y8":{"jobs":3,"pixels":4812464,"processedPixels":4812464,"bytes":19249856,"tracks":0,"outputSymbols":7,"hits":0,"misses":0,"readFullAttempts":3,"fallbackAttempts":0,"fallbackSuccesses":0,"fallbackFailures":0,"targetedAttempts":0,"targetedPixels":0,"targetedSuccesses":0},"Y8 TRACKED GRID":{"jobs":27,"pixels":84962528,"processedPixels":84962528,"bytes":339850112,"tracks":470,"outputSymbols":460,"hits":452,"misses":0,"readFullAttempts":1,"fallbackAttempts":1,"fallbackSuccesses":1,"fallbackFailures":0,"targetedAttempts":0,"targetedPixels":0,"targetedSuccesses":0}},"decodeErrors":[],"checks":{"productionOnly":true,"allFramesReplayed":true,"decodedSomething":true,"discoveredLayout":true,"scheduledWork":true,"noDecodeErrors":true,"oracleSkipped":true},"ok":true,"normalized":{"guidedOutputYield":1,"turboYield":1,"stableRsYield":1,"dataOnlyYield":1,"sampleMsPerTrack":0.438274336282748,"sampleMsPerOutput":0.438274336282748,"decodeMsPerOutput":0.09800884955775392,"guidedMsPerTrack":0.5679203539819403,"guidedMsPerOutput":0.5679203539819403,"guidedMsPerJob":9.873076923070654,"stableRsAttemptsPerTrack":0.07964601769911504,"dataOnlyAttemptsPerTrack":0.8761061946902655},"wallTimeMs":1584,"trialCount":3,"selectedTrial":3,"trialMedians":{"guidedMsPerTrack":0.5679203539819403,"guidedMsPerOutput":0.5679203539819403,"sampleMsPerTrack":0.438274336282748,"decodeP50Ms":8.699999999982538,"decodeP95Ms":31.70000000001164,"guidedOutputYield":1,"turboYield":1,"stableRsYield":1,"dataOnlyYield":1},"trialSpread":{"guidedMsPerOutput":[0.5476595744681966,0.6200854700856815,0.5679203539819403],"sampleMsPerTrack":[0.41978723404228074,0.4555555555557048,0.438274336282748],"decodeP50Ms":[8.699999999982538,8.89999999999418,8.5]}},"motion-y8":{"version":"v0.5.234","productionOnly":true,"frames":28,"expectedFrames":28,"decodedPackets":373,"uniqueSymbols":144,"decodedSlots":[0,1,2,3,4,5,6,7,8,9,10,11,12,13,14,15,16,17],"slotCounts":{"0":14,"1":18,"2":18,"3":20,"4":22,"5":23,"6":23,"7":23,"8":23,"9":21,"10":22,"11":23,"12":21,"13":23,"14":23,"15":17,"16":20,"17":19},"qrPerSecond":414.4444444444444,"uniqueUsefulQrPerSecond":159.99999999999997,"verifiedKBPerSecond":42.87977430555555,"firstProductionFrame":0,"lockTriggerSourceFrame":4,"firstGridLockFrame":5,"firstLockedStateFrame":5,"stateCounts":{"SEARCH":5,"GRID_LOCK":1,"TRACK":22},"finalState":"TRACK","transitions":2,"jobs":26,"fullJobs":3,"trackedJobs":23,"guidedJobs":22,"guidedTracks":396,"guidedOutputs":358,"guided":{"jobs":22,"moduleSizeAvg":3.996419510517565,"moduleSizeMin":3.9657441504033706,"moduleSizeMax":4.031652767249889,"tracks":396,"outputs":358,"turboAttempts":335,"turboSuccesses":194,"stableEligibleTracks":326,"stableRsAttempts":149,"stableRsSuccesses":145,"stableLevelMisses":200,"localPhaseSearches":236,"localPhaseFinderRecoveries":105,"localPhaseDecodeRecoveries":32,"dataOnlyAttempts":65,"dataOnlySuccesses":49,"rsFallbacks":312,"sparseAttempts":179,"sparseSuccesses":163,"genericFallbackTracks":16,"genericFallbackSuccesses":1,"genericDecodeAttempts":1,"binarizeMs":106.69999999998254,"finderMs":6.399999999994179,"sampleMs":284.5999999999767,"decodeMs":101.00000000005821,"totalMs":512.6000000000058},"tailFullJobs":0,"tailTrackedJobs":14,"decodeP50Ms":22.900000000023283,"decodeP95Ms":34.69999999998254,"workerBusyPercent":8.333333333333332,"hotPath":{"strict":false,"postLockRecoverySuppressed":false,"nativeTracks":0,"crcFastSuccesses":0,"crcFastPercent":0,"nativeMisses":0,"qrRsFallbacks":0,"anchorSuccesses":0,"anchorMisses":0,"thresholdFallbacks":0,"outOfFrameMisses":0,"bitstreamFailures":0,"crcFailures":0,"multiSampleRetries":0,"localRecoveryAttempts":1,"localRecoverySuccesses":1,"readFullAttempts":4,"fullScanJobs":3},"byKind":{"DIRECT RECOVERY Y8":{"jobs":3,"pixels":4812464,"processedPixels":4812464,"bytes":19249856,"tracks":0,"outputSymbols":7,"hits":0,"misses":0,"readFullAttempts":3,"fallbackAttempts":0,"fallbackSuccesses":0,"fallbackFailures":0,"targetedAttempts":0,"targetedPixels":0,"targetedSuccesses":0},"Y8 TRACKED GRID":{"jobs":23,"pixels":74778704,"processedPixels":74778704,"bytes":299114816,"tracks":414,"outputSymbols":366,"hits":358,"misses":38,"readFullAttempts":1,"fallbackAttempts":1,"fallbackSuccesses":1,"fallbackFailures":0,"targetedAttempts":0,"targetedPixels":0,"targetedSuccesses":0}},"decodeErrors":[],"checks":{"productionOnly":true,"allFramesReplayed":true,"decodedSomething":true,"discoveredLayout":true,"scheduledWork":true,"noDecodeErrors":true,"oracleSkipped":true},"ok":true,"normalized":{"guidedOutputYield":0.9040404040404041,"turboYield":0.5791044776119403,"stableRsYield":0.9731543624161074,"dataOnlyYield":0.7538461538461538,"sampleMsPerTrack":0.7186868686868099,"sampleMsPerOutput":0.7949720670390411,"decodeMsPerOutput":0.28212290502809556,"guidedMsPerTrack":1.2944444444444592,"guidedMsPerOutput":1.4318435754190106,"guidedMsPerJob":23.300000000000264,"stableRsAttemptsPerTrack":0.37626262626262624,"dataOnlyAttemptsPerTrack":0.16414141414141414},"wallTimeMs":4702,"trialCount":3,"selectedTrial":1,"trialMedians":{"guidedMsPerTrack":1.283862433862634,"guidedMsPerOutput":1.4318435754190106,"sampleMsPerTrack":0.6846560846556689,"decodeP50Ms":22.900000000023283,"decodeP95Ms":31.20000000001164,"guidedOutputYield":0.8913043478260869,"turboYield":0.5454545454545454,"stableRsYield":0.9854014598540146,"dataOnlyYield":0.7538461538461538},"trialSpread":{"guidedMsPerOutput":[1.4318435754190106,1.2926829268292683,1.4573573573575846],"sampleMsPerTrack":[0.7186868686868099,0.6490338164247271,0.6846560846556689],"decodeP50Ms":[22.900000000023283,22.199999999982538,23.300000000017462]}},"dense-y8":{"version":"v0.5.234","productionOnly":true,"frames":20,"expectedFrames":20,"decodedPackets":277,"uniqueSymbols":139,"decodedSlots":[0,1,2,3,4,5,6,7,8,9,10,11,12,13,14,15,16,17],"slotCounts":{"0":15,"1":16,"2":15,"3":15,"4":15,"5":15,"6":16,"7":15,"8":15,"9":16,"10":15,"11":15,"12":17,"13":15,"14":15,"15":17,"16":15,"17":15},"qrPerSecond":437.3684210526315,"uniqueUsefulQrPerSecond":219.4736842105263,"verifiedKBPerSecond":60.93441611842105,"firstProductionFrame":0,"lockTriggerSourceFrame":4,"firstGridLockFrame":5,"firstLockedStateFrame":5,"stateCounts":{"SEARCH":5,"GRID_LOCK":1,"TRACK":14},"finalState":"TRACK","transitions":2,"jobs":18,"fullJobs":3,"trackedJobs":15,"guidedJobs":15,"guidedTracks":270,"guidedOutputs":270,"guided":{"jobs":15,"moduleSizeAvg":1.9999999999999971,"moduleSizeMin":1.9999999999999862,"moduleSizeMax":2.000000000000003,"tracks":270,"outputs":270,"turboAttempts":216,"turboSuccesses":216,"stableEligibleTracks":216,"stableRsAttempts":144,"stableRsSuccesses":144,"stableLevelMisses":0,"localPhaseSearches":0,"localPhaseFinderRecoveries":0,"localPhaseDecodeRecoveries":0,"dataOnlyAttempts":72,"dataOnlySuccesses":72,"rsFallbacks":198,"sparseAttempts":54,"sparseSuccesses":54,"genericFallbackTracks":0,"genericFallbackSuccesses":0,"genericDecodeAttempts":0,"binarizeMs":14,"finderMs":0.7999999999592546,"sampleMs":423.20000000009895,"decodeMs":172.19999999998254,"totalMs":618.0999999999476},"tailFullJobs":0,"tailTrackedJobs":10,"decodeP50Ms":33,"decodeP95Ms":78.79999999998836,"workerBusyPercent":24.999999999999993,"hotPath":{"strict":false,"postLockRecoverySuppressed":false,"nativeTracks":0,"crcFastSuccesses":0,"crcFastPercent":0,"nativeMisses":0,"qrRsFallbacks":0,"anchorSuccesses":0,"anchorMisses":0,"thresholdFallbacks":0,"outOfFrameMisses":0,"bitstreamFailures":0,"crcFailures":0,"multiSampleRetries":0,"localRecoveryAttempts":0,"localRecoverySuccesses":0,"readFullAttempts":3,"fullScanJobs":3},"byKind":{"DIRECT RECOVERY Y8":{"jobs":3,"pixels":3405708,"processedPixels":3405708,"bytes":13622832,"tracks":0,"outputSymbols":7,"hits":0,"misses":0,"readFullAttempts":3,"fallbackAttempts":0,"fallbackSuccesses":0,"fallbackFailures":0,"targetedAttempts":0,"targetedPixels":0,"targetedSuccesses":0},"Y8 TRACKED GRID":{"jobs":15,"pixels":34314900,"processedPixels":34314900,"bytes":137259600,"tracks":270,"outputSymbols":270,"hits":270,"misses":0,"readFullAttempts":0,"fallbackAttempts":0,"fallbackSuccesses":0,"fallbackFailures":0,"targetedAttempts":0,"targetedPixels":0,"targetedSuccesses":0}},"decodeErrors":[],"checks":{"productionOnly":true,"allFramesReplayed":true,"decodedSomething":true,"discoveredLayout":true,"scheduledWork":true,"noDecodeErrors":true,"oracleSkipped":true},"ok":true,"normalized":{"guidedOutputYield":1,"turboYield":1,"stableRsYield":1,"dataOnlyYield":1,"sampleMsPerTrack":1.567407407407774,"sampleMsPerOutput":1.567407407407774,"decodeMsPerOutput":0.637777777777713,"guidedMsPerTrack":2.2892592592590653,"guidedMsPerOutput":2.2892592592590653,"guidedMsPerJob":41.206666666663175,"stableRsAttemptsPerTrack":0.5333333333333333,"dataOnlyAttemptsPerTrack":0.26666666666666666},"wallTimeMs":1316,"trialCount":3,"selectedTrial":2,"trialMedians":{"guidedMsPerTrack":2.2892592592590653,"guidedMsPerOutput":2.2892592592590653,"sampleMsPerTrack":1.5654761904761905,"decodeP50Ms":33,"decodeP95Ms":78.79999999998836,"guidedOutputYield":1,"turboYield":1,"stableRsYield":1,"dataOnlyYield":1},"trialSpread":{"guidedMsPerOutput":[2.298809523809362,2.2892592592590653,2.1150793650792497],"sampleMsPerTrack":[1.5654761904761905,1.567407407407774,1.4734126984131142],"decodeP50Ms":[33.40000000002328,33,32.10000000000582]}},"optical-dense-y8":{"version":"v0.5.234","productionOnly":true,"frames":20,"expectedFrames":20,"decodedPackets":276,"uniqueSymbols":139,"decodedSlots":[0,1,2,3,4,5,6,7,8,9,10,11,12,13,14,15,16,17],"slotCounts":{"0":15,"1":16,"2":15,"3":15,"4":15,"5":15,"6":15,"7":15,"8":15,"9":15,"10":16,"11":15,"12":16,"13":16,"14":15,"15":16,"16":16,"17":15},"qrPerSecond":435.78947368421046,"uniqueUsefulQrPerSecond":219.4736842105263,"verifiedKBPerSecond":60.93441611842105,"firstProductionFrame":0,"lockTriggerSourceFrame":0,"firstGridLockFrame":4,"firstLockedStateFrame":4,"stateCounts":{"SEARCH":4,"GRID_LOCK":1,"TRACK":15},"finalState":"TRACK","transitions":2,"jobs":17,"fullJobs":2,"trackedJobs":15,"guidedJobs":15,"guidedTracks":270,"guidedOutputs":270,"guided":{"jobs":15,"moduleSizeAvg":1.9963246592133164,"moduleSizeMin":1.9880137761518437,"moduleSizeMax":2.0018706369931976,"tracks":270,"outputs":270,"turboAttempts":214,"turboSuccesses":132,"stableEligibleTracks":214,"stableRsAttempts":145,"stableRsSuccesses":132,"stableLevelMisses":146,"localPhaseSearches":194,"localPhaseFinderRecoveries":125,"localPhaseDecodeRecoveries":35,"dataOnlyAttempts":0,"dataOnlySuccesses":0,"rsFallbacks":283,"sparseAttempts":138,"sparseSuccesses":136,"genericFallbackTracks":2,"genericFallbackSuccesses":2,"genericDecodeAttempts":2,"binarizeMs":66.9999999999709,"finderMs":2.6000000000931323,"sampleMs":753.0999999994528,"decodeMs":352.8000000002794,"totalMs":1190.100000000035},"tailFullJobs":0,"tailTrackedJobs":9,"decodeP50Ms":80,"decodeP95Ms":96,"workerBusyPercent":58.33333333333333,"hotPath":{"strict":false,"postLockRecoverySuppressed":false,"nativeTracks":0,"crcFastSuccesses":0,"crcFastPercent":0,"nativeMisses":0,"qrRsFallbacks":0,"anchorSuccesses":0,"anchorMisses":0,"thresholdFallbacks":0,"outOfFrameMisses":0,"bitstreamFailures":0,"crcFailures":0,"multiSampleRetries":0,"localRecoveryAttempts":0,"localRecoverySuccesses":0,"readFullAttempts":2,"fullScanJobs":2},"byKind":{"DIRECT RECOVERY Y8":{"jobs":2,"pixels":2718252,"processedPixels":2718252,"bytes":10873008,"tracks":0,"outputSymbols":6,"hits":0,"misses":0,"readFullAttempts":2,"fallbackAttempts":0,"fallbackSuccesses":0,"fallbackFailures":0,"targetedAttempts":0,"targetedPixels":0,"targetedSuccesses":0},"Y8 TRACKED GRID":{"jobs":15,"pixels":34314900,"processedPixels":34314900,"bytes":137259600,"tracks":270,"outputSymbols":270,"hits":270,"misses":0,"readFullAttempts":0,"fallbackAttempts":0,"fallbackSuccesses":0,"fallbackFailures":0,"targetedAttempts":0,"targetedPixels":0,"targetedSuccesses":0}},"decodeErrors":[],"checks":{"productionOnly":true,"allFramesReplayed":true,"decodedSomething":true,"discoveredLayout":true,"scheduledWork":true,"noDecodeErrors":true,"oracleSkipped":true},"ok":true,"normalized":{"guidedOutputYield":1,"turboYield":0.616822429906542,"stableRsYield":0.9103448275862069,"dataOnlyYield":0,"sampleMsPerTrack":2.789259259257233,"sampleMsPerOutput":2.789259259257233,"decodeMsPerOutput":1.3066666666677014,"guidedMsPerTrack":4.407777777777907,"guidedMsPerOutput":4.407777777777907,"guidedMsPerJob":79.34000000000233,"stableRsAttemptsPerTrack":0.5370370370370371,"dataOnlyAttemptsPerTrack":0},"wallTimeMs":4204,"trialCount":3,"selectedTrial":2,"trialMedians":{"guidedMsPerTrack":4.407777777777907,"guidedMsPerOutput":4.407777777777907,"sampleMsPerTrack":2.789259259257233,"decodeP50Ms":77.19999999998254,"decodeP95Ms":96.5,"guidedOutputYield":1,"turboYield":0.6275510204081632,"stableRsYield":0.9185185185185185,"dataOnlyYield":0},"trialSpread":{"guidedMsPerOutput":[4.460317460317576,4.407777777777907,4.34915254237261],"sampleMsPerTrack":[2.765873015873593,2.789259259257233,2.8766949152545824],"decodeP50Ms":[77.19999999998254,80,75.10000000000582]}},"camera-dense-y8":{"version":"v0.5.234","productionOnly":true,"frames":20,"expectedFrames":20,"decodedPackets":219,"uniqueSymbols":113,"decodedSlots":[0,1,2,3,4,5,6,7,8,9,10,11,12,13,14,15,16,17],"slotCounts":{"0":12,"1":13,"2":12,"3":12,"4":12,"5":12,"6":12,"7":12,"8":12,"9":12,"10":12,"11":12,"12":12,"13":12,"14":13,"15":12,"16":12,"17":13},"qrPerSecond":345.78947368421046,"uniqueUsefulQrPerSecond":178.42105263157893,"verifiedKBPerSecond":60.93441611842105,"firstProductionFrame":1,"lockTriggerSourceFrame":4,"firstGridLockFrame":5,"firstLockedStateFrame":5,"stateCounts":{"SEARCH":5,"GRID_LOCK":1,"TRACK":14},"finalState":"TRACK","transitions":2,"jobs":15,"fullJobs":3,"trackedJobs":12,"guidedJobs":12,"guidedTracks":216,"guidedOutputs":216,"guided":{"jobs":12,"moduleSizeAvg":2.3182429833862517,"moduleSizeMin":2.3081456408757406,"moduleSizeMax":2.3242064723203133,"tracks":216,"outputs":216,"turboAttempts":162,"turboSuccesses":76,"stableEligibleTracks":162,"stableRsAttempts":80,"stableRsSuccesses":69,"stableLevelMisses":122,"localPhaseSearches":158,"localPhaseFinderRecoveries":83,"localPhaseDecodeRecoveries":25,"dataOnlyAttempts":15,"dataOnlySuccesses":7,"rsFallbacks":220,"sparseAttempts":140,"sparseSuccesses":140,"genericFallbackTracks":0,"genericFallbackSuccesses":0,"genericDecodeAttempts":0,"binarizeMs":81.49999999994179,"finderMs":2.799999999930151,"sampleMs":620.8000000002212,"decodeMs":295.4999999998254,"totalMs":1012.6999999999534},"tailFullJobs":0,"tailTrackedJobs":7,"decodeP50Ms":81.19999999998254,"decodeP95Ms":102.60000000000582,"workerBusyPercent":58.33333333333333,"hotPath":{"strict":false,"postLockRecoverySuppressed":false,"nativeTracks":0,"crcFastSuccesses":0,"crcFastPercent":0,"nativeMisses":0,"qrRsFallbacks":0,"anchorSuccesses":0,"anchorMisses":0,"thresholdFallbacks":0,"outOfFrameMisses":0,"bitstreamFailures":0,"crcFailures":0,"multiSampleRetries":0,"localRecoveryAttempts":0,"localRecoverySuccesses":0,"readFullAttempts":3,"fullScanJobs":3},"byKind":{"DIRECT RECOVERY Y8":{"jobs":3,"pixels":5360384,"processedPixels":5360384,"bytes":21441536,"tracks":0,"outputSymbols":3,"hits":0,"misses":0,"readFullAttempts":3,"fallbackAttempts":0,"fallbackSuccesses":0,"fallbackFailures":0,"targetedAttempts":0,"targetedPixels":0,"targetedSuccesses":0},"Y8 TRACKED GRID":{"jobs":12,"pixels":41287680,"processedPixels":41287680,"bytes":165150720,"tracks":216,"outputSymbols":216,"hits":216,"misses":0,"readFullAttempts":0,"fallbackAttempts":0,"fallbackSuccesses":0,"fallbackFailures":0,"targetedAttempts":0,"targetedPixels":0,"targetedSuccesses":0}},"decodeErrors":[],"checks":{"productionOnly":true,"allFramesReplayed":true,"decodedSomething":true,"discoveredLayout":true,"scheduledWork":true,"noDecodeErrors":true,"oracleSkipped":true},"ok":true,"normalized":{"guidedOutputYield":1,"turboYield":0.4691358024691358,"stableRsYield":0.8625,"dataOnlyYield":0.4666666666666667,"sampleMsPerTrack":2.8740740740750983,"sampleMsPerOutput":2.8740740740750983,"decodeMsPerOutput":1.3680555555547471,"guidedMsPerTrack":4.68842592592571,"guidedMsPerOutput":4.68842592592571,"guidedMsPerJob":84.39166666666279,"stableRsAttemptsPerTrack":0.37037037037037035,"dataOnlyAttemptsPerTrack":0.06944444444444445},"wallTimeMs":5244,"trialCount":3,"selectedTrial":1,"trialMedians":{"guidedMsPerTrack":4.68842592592571,"guidedMsPerOutput":4.68842592592571,"sampleMsPerTrack":2.8740740740750983,"decodeP50Ms":77,"decodeP95Ms":105.5,"guidedOutputYield":1,"turboYield":0.47530864197530864,"stableRsYield":0.8625,"dataOnlyYield":0.25},"trialSpread":{"guidedMsPerOutput":[4.68842592592571,4.578240740740848,4.814197530864162],"sampleMsPerTrack":[2.8740740740750983,2.8134259259253063,2.929012345675599],"decodeP50Ms":[81.19999999998254,77,75.20000000001164]}},"buffered-rgba":{"version":"v0.5.234","productionOnly":true,"frames":20,"expectedFrames":20,"decodedPackets":277,"uniqueSymbols":75,"decodedSlots":[0,1,2,3,4,5,6,7,8,9,10,11,12,13,14,15,16,17],"slotCounts":{"0":15,"1":16,"2":15,"3":15,"4":15,"5":15,"6":16,"7":15,"8":15,"9":16,"10":15,"11":15,"12":17,"13":15,"14":15,"15":17,"16":15,"17":15},"qrPerSecond":437.3684210526315,"uniqueUsefulQrPerSecond":118.42105263157893,"verifiedKBPerSecond":60.93441611842105,"firstProductionFrame":0,"lockTriggerSourceFrame":4,"firstGridLockFrame":5,"firstLockedStateFrame":5,"stateCounts":{"SEARCH":5,"GRID_LOCK":1,"TRACK":14},"finalState":"TRACK","transitions":2,"jobs":18,"fullJobs":3,"trackedJobs":15,"guidedJobs":0,"guidedTracks":0,"guidedOutputs":0,"guided":{"jobs":0,"moduleSizeAvg":0,"moduleSizeMin":0,"moduleSizeMax":0,"tracks":0,"outputs":0,"turboAttempts":0,"turboSuccesses":0,"stableEligibleTracks":0,"stableRsAttempts":0,"stableRsSuccesses":0,"stableLevelMisses":0,"localPhaseSearches":0,"localPhaseFinderRecoveries":0,"localPhaseDecodeRecoveries":0,"dataOnlyAttempts":0,"dataOnlySuccesses":0,"rsFallbacks":0,"sparseAttempts":0,"sparseSuccesses":0,"genericFallbackTracks":0,"genericFallbackSuccesses":0,"genericDecodeAttempts":0,"binarizeMs":0,"finderMs":0,"sampleMs":0,"decodeMs":0,"totalMs":0},"tailFullJobs":0,"tailTrackedJobs":10,"decodeP50Ms":31.79999999998836,"decodeP95Ms":56.29999999998836,"workerBusyPercent":31.666666666666654,"hotPath":{"strict":false,"postLockRecoverySuppressed":false,"nativeTracks":270,"crcFastSuccesses":270,"crcFastPercent":100,"nativeMisses":0,"qrRsFallbacks":0,"anchorSuccesses":0,"anchorMisses":0,"thresholdFallbacks":0,"outOfFrameMisses":0,"bitstreamFailures":0,"crcFailures":0,"multiSampleRetries":0,"localRecoveryAttempts":0,"localRecoverySuccesses":0,"readFullAttempts":3,"fullScanJobs":3},"byKind":{"FULL FRAME":{"jobs":3,"pixels":4812464,"processedPixels":4812464,"bytes":0,"tracks":0,"outputSymbols":7,"hits":0,"misses":0,"readFullAttempts":3,"fallbackAttempts":0,"fallbackSuccesses":0,"fallbackFailures":0,"targetedAttempts":0,"targetedPixels":0,"targetedSuccesses":0},"NATIVE TRACKED GRID":{"jobs":15,"pixels":48768720,"processedPixels":48768720,"bytes":0,"tracks":270,"outputSymbols":270,"hits":270,"misses":0,"readFullAttempts":0,"fallbackAttempts":0,"fallbackSuccesses":0,"fallbackFailures":0,"targetedAttempts":0,"targetedPixels":0,"targetedSuccesses":0}},"decodeErrors":[],"checks":{"productionOnly":true,"allFramesReplayed":true,"decodedSomething":true,"discoveredLayout":true,"scheduledWork":true,"noDecodeErrors":true,"oracleSkipped":true},"ok":true,"normalized":{"guidedOutputYield":0,"turboYield":0,"stableRsYield":0,"dataOnlyYield":0,"sampleMsPerTrack":0,"sampleMsPerOutput":0,"decodeMsPerOutput":0,"guidedMsPerTrack":0,"guidedMsPerOutput":0,"guidedMsPerJob":0,"stableRsAttemptsPerTrack":0,"dataOnlyAttemptsPerTrack":0},"wallTimeMs":1040,"trialCount":1,"selectedTrial":1,"trialMedians":{"guidedMsPerTrack":0,"guidedMsPerOutput":0,"sampleMsPerTrack":0,"decodeP50Ms":31.79999999998836,"decodeP95Ms":56.29999999998836,"guidedOutputYield":0,"turboYield":0,"stableRsYield":0,"dataOnlyYield":0},"trialSpread":{"guidedMsPerOutput":[0],"sampleMsPerTrack":[0],"decodeP50Ms":[31.79999999998836]}}}}
