v238 progressive Stable-RS candidate rejected at 2026-08-18T01:20:49Z
{
  "note": "correctness is primary; timing only rejects a gross regression",
  "scenarios": {
    "stable-y8": {
      "yieldBefore": 1,
      "yieldAfter": 1,
      "guidedMsPerOutputBefore": 0.452876106194716,
      "guidedMsPerOutputAfter": 0.5412393162393535,
      "sampleMsPerTrackBefore": 0.33207964601867784,
      "sampleMsPerTrackAfter": 0.45149572649570163,
      "dataOnlyAttempts": 468,
      "dataOnlySuccesses": 468,
      "stableAttempts": 450,
      "stableSuccesses": 450
    },
    "motion-y8": {
      "yieldBefore": 0.9130434782608695,
      "yieldAfter": 0.9166666666666666,
      "guidedMsPerOutputBefore": 0.8608333333330747,
      "guidedMsPerOutputAfter": 0.7148760330576107,
      "sampleMsPerTrackBefore": 0.39141414141384745,
      "sampleMsPerTrackAfter": 0.3482323232317941,
      "dataOnlyAttempts": 384,
      "dataOnlySuccesses": 344,
      "stableAttempts": 153,
      "stableSuccesses": 141
    },
    "dense-y8": {
      "yieldBefore": 1,
      "yieldAfter": 1,
      "guidedMsPerOutputBefore": 1.5305555555556019,
      "guidedMsPerOutputAfter": 0.7805555555556017,
      "sampleMsPerTrackBefore": 1.2348148148140388,
      "sampleMsPerTrackAfter": 0.6000000000001617,
      "dataOnlyAttempts": 252,
      "dataOnlySuccesses": 252,
      "stableAttempts": 216,
      "stableSuccesses": 216
    },
    "optical-dense-y8": {
      "yieldBefore": 1,
      "yieldAfter": 1,
      "guidedMsPerOutputBefore": 1.9751851851862199,
      "guidedMsPerOutputAfter": 1.5243055555554545,
      "sampleMsPerTrackBefore": 1.261111111115854,
      "sampleMsPerTrackAfter": 1.014930555555515,
      "dataOnlyAttempts": 314,
      "dataOnlySuccesses": 184,
      "stableAttempts": 133,
      "stableSuccesses": 107
    },
    "camera-dense-y8": {
      "yieldBefore": 1,
      "yieldAfter": 1,
      "guidedMsPerOutputBefore": 1.8699999999992238,
      "guidedMsPerOutputAfter": 1.5599206349205426,
      "sampleMsPerTrackBefore": 1.2385185185207606,
      "sampleMsPerTrackAfter": 1.0365079365086756,
      "dataOnlyAttempts": 282,
      "dataOnlySuccesses": 228,
      "stableAttempts": 113,
      "stableSuccesses": 83
    }
  }
}
[stdin]:38
if (problems.length) throw new Error(problems.join('; '));
                     ^

Error: stable-y8 CPU regressed >15% (0.453 -> 0.541ms/QR)
    at [stdin]:38:28
    at runScriptInThisContext (node:internal/vm:209:10)
    at node:internal/process/execution:446:12
    at [stdin]-wrapper:6:24
    at runScriptInContext (node:internal/process/execution:444:60)
    at evalFunction (node:internal/process/execution:279:30)
    at evalTypeScript (node:internal/process/execution:291:3)
    at node:internal/main/eval_stdin:53:5
    at Socket.<anonymous> (node:internal/process/execution:201:5)
    at Socket.emit (node:events:531:35)

Node.js v22.23.2
From https://github.com/zxing-cpp/zxing-cpp
 * branch              3e09874a9ca7c191d67101f302a1f53c71a118cc -> FETCH_HEAD
HEAD is now at 3e09874a Log: LogMatrix.h -> Log.h + printf -> log_[t|l|r]
emcmake: cmake -S . -B build-simd -G Ninja -DCMAKE_BUILD_TYPE=Release -DDECIMEN_SIMD=ON -DDECIMEN_CODEC_VERSION=0.1.47 -DDECIMEN_CODEC_BUILD=2a78ae2-dirty -DCMAKE_TOOLCHAIN_FILE=/home/runner/work/AirGapper/AirGapper/vendor/decimen-codec/source/emsdk/upstream/emscripten/cmake/Modules/Platform/Emscripten.cmake -DCMAKE_CROSSCOMPILING_EMULATOR=/home/runner/work/AirGapper/AirGapper/vendor/decimen-codec/source/emsdk/node/24.19.0_64bit/bin/node in directory /home/runner/work/AirGapper/AirGapper/vendor/decimen-codec/source
[1/2] Building CXX object CMakeFiles/decimen_codec.dir/wrapper/decimen_codec.cpp.o
[2/2] Linking CXX executable decimen_codec.js
From https://github.com/zxing-cpp/zxing-cpp
 * branch              3e09874a9ca7c191d67101f302a1f53c71a118cc -> FETCH_HEAD
HEAD is now at 3e09874a Log: LogMatrix.h -> Log.h + printf -> log_[t|l|r]
emcmake: cmake -S . -B build-scalar -G Ninja -DCMAKE_BUILD_TYPE=Release -DDECIMEN_SIMD=OFF -DDECIMEN_CODEC_VERSION=0.1.47 -DDECIMEN_CODEC_BUILD=2a78ae2-dirty -DCMAKE_TOOLCHAIN_FILE=/home/runner/work/AirGapper/AirGapper/vendor/decimen-codec/source/emsdk/upstream/emscripten/cmake/Modules/Platform/Emscripten.cmake -DCMAKE_CROSSCOMPILING_EMULATOR=/home/runner/work/AirGapper/AirGapper/vendor/decimen-codec/source/emsdk/node/24.19.0_64bit/bin/node in directory /home/runner/work/AirGapper/AirGapper/vendor/decimen-codec/source
[1/2] Building CXX object CMakeFiles/decimen_codec.dir/wrapper/decimen_codec.cpp.o
[2/2] Linking CXX executable decimen_codec.js
AIRGAPPER_SENDER_PROFILE stable-1000B 2548x1276 frames=8
AIRGAPPER_SENDER_PROFILE motion-1000B 2548x1276 frames=20
AIRGAPPER_SENDER_PROFILE dense-2953B 2138x1070 frames=10
AIRGAPPER_SENDER_PROFILE optical-dense-2953B 2138x1070 frames=20
AIRGAPPER_SENDER_PROFILE camera-dense-2953B 1440x2560 frames=20
AIRGAPPER_FAST_REGRESSION_START stable-y8 trial=1/3
AIRGAPPER_FAST_REGRESSION_TRIAL stable-y8 1 {"guidedMsPerOutput":0.5474468085106754,"sampleMsPerTrack":0.45489361702180914,"p50":10,"p95":24.10000000000582,"yield":1,"turbo":1,"stableRS":1,"noRS":1}
AIRGAPPER_FAST_REGRESSION_START stable-y8 trial=2/3
AIRGAPPER_FAST_REGRESSION_TRIAL stable-y8 2 {"guidedMsPerOutput":0.5412393162393535,"sampleMsPerTrack":0.44658119658032597,"p50":10.200000000011642,"p95":22.39999999999418,"yield":1,"turbo":1,"stableRS":1,"noRS":1}
AIRGAPPER_FAST_REGRESSION_START stable-y8 trial=3/3
AIRGAPPER_FAST_REGRESSION_TRIAL stable-y8 3 {"guidedMsPerOutput":0.5346153846154095,"sampleMsPerTrack":0.45149572649570163,"p50":9.89999999999418,"p95":21.10000000000582,"yield":1,"turbo":1,"stableRS":1,"noRS":1}
AIRGAPPER_FAST_REGRESSION_RESULT stable-y8 {"version":"v0.5.238","productionOnly":true,"frames":32,"expectedFrames":32,"decodedPackets":483,"uniqueSymbols":65,"decodedSlots":[0,1,2,3,4,5,6,7,8,9,10,11,12,13,14,15,16,17],"slotCounts":{"0":27,"1":27,"2":26,"3":27,"4":26,"5":26,"6":28,"7":26,"8":26,"9":28,"10":26,"11":26,"12":29,"13":27,"14":26,"15":29,"16":27,"17":26},"qrPerSecond":467.41935483870964,"uniqueUsefulQrPerSecond":62.90322580645161,"verifiedKBPerSecond":37.3469002016129,"firstProductionFrame":0,"lockTriggerSourceFrame":4,"firstGridLockFrame":5,"firstLockedStateFrame":5,"stateCounts":{"SEARCH":5,"GRID_LOCK":1,"TRACK":26},"finalState":"TRACK","transitions":2,"jobs":30,"fullJobs":3,"trackedJobs":27,"guidedJobs":26,"guidedTracks":468,"guidedOutputs":468,"guided":{"jobs":26,"moduleSizeAvg":3.9999999999999964,"moduleSizeMin":3.999999999999982,"moduleSizeMax":4.000000000000009,"tracks":468,"outputs":468,"turboAttempts":450,"turboSuccesses":450,"stableEligibleTracks":450,"stableRsAttempts":450,"stableRsSuccesses":450,"sparseProfileAttempts":18,"sparseProfileSuccesses":18,"dataOnlyAttempts":468,"dataOnlySuccesses":468,"rsFallbacks":0,"sparseAttempts":18,"sparseSuccesses":18,"genericFallbackTracks":0,"genericFallbackSuccesses":0,"genericDecodeAttempts":0,"binarizeMs":7.399999999994179,"finderMs":0.9999999999708962,"sampleMs":208.99999999959255,"decodeMs":26.200000000419095,"totalMs":253.30000000001746},"tailFullJobs":0,"tailTrackedJobs":16,"decodeP50Ms":10.200000000011642,"decodeP95Ms":22.39999999999418,"workerBusyPercent":5.208333333333333,"hotPath":{"strict":false,"postLockRecoverySuppressed":false,"nativeTracks":0,"crcFastSuccesses":0,"crcFastPercent":0,"nativeMisses":0,"qrRsFallbacks":0,"anchorSuccesses":0,"anchorMisses":0,"thresholdFallbacks":0,"outOfFrameMisses":0,"bitstreamFailures":0,"crcFailures":0,"multiSampleRetries":0,"localRecoveryAttempts":1,"localRecoverySuccesses":1,"readFullAttempts":4,"fullScanJobs":3},"byKind":{"DIRECT RECOVERY Y8":{"jobs":3,"pixels":4812464,"processedPixels":4812464,"bytes":19249856,"tracks":0,"outputSymbols":7,"hits":0,"misses":0,"readFullAttempts":3,"fallbackAttempts":0,"fallbackSuccesses":0,"fallbackFailures":0,"targetedAttempts":0,"targetedPixels":0,"targetedSuccesses":0},"Y8 TRACKED GRID":{"jobs":27,"pixels":87783696,"processedPixels":87783696,"bytes":351134784,"tracks":486,"outputSymbols":476,"hits":468,"misses":0,"readFullAttempts":1,"fallbackAttempts":1,"fallbackSuccesses":1,"fallbackFailures":0,"targetedAttempts":0,"targetedPixels":0,"targetedSuccesses":0}},"decodeErrors":[],"checks":{"productionOnly":true,"allFramesReplayed":true,"decodedSomething":true,"discoveredLayout":true,"scheduledWork":true,"noDecodeErrors":true,"oracleSkipped":true},"ok":true,"normalized":{"guidedOutputYield":1,"turboYield":1,"stableRsYield":1,"dataOnlyYield":1,"sampleMsPerTrack":0.44658119658032597,"sampleMsPerOutput":0.44658119658032597,"decodeMsPerOutput":0.055982905983801484,"guidedMsPerTrack":0.5412393162393535,"guidedMsPerOutput":0.5412393162393535,"guidedMsPerJob":9.742307692308364,"stableRsAttemptsPerTrack":0.9615384615384616,"dataOnlyAttemptsPerTrack":1},"wallTimeMs":1618,"trialCount":3,"selectedTrial":2,"trialMedians":{"guidedMsPerTrack":0.5412393162393535,"guidedMsPerOutput":0.5412393162393535,"sampleMsPerTrack":0.45149572649570163,"decodeP50Ms":10,"decodeP95Ms":22.39999999999418,"guidedOutputYield":1,"turboYield":1,"stableRsYield":1,"dataOnlyYield":1},"trialSpread":{"guidedMsPerOutput":[0.5474468085106754,0.5412393162393535,0.5346153846154095],"sampleMsPerTrack":[0.45489361702180914,0.44658119658032597,0.45149572649570163],"decodeP50Ms":[10,10.200000000011642,9.89999999999418]}}
AIRGAPPER_FAST_REGRESSION_START motion-y8 trial=1/3
AIRGAPPER_FAST_REGRESSION_TRIAL motion-y8 1 {"guidedMsPerOutput":0.7523287671230644,"sampleMsPerTrack":0.3707070707069678,"p50":14.300000000017462,"p95":20.800000000017462,"yield":0.9217171717171717,"turbo":0.4565826330532213,"stableRS":0.930635838150289,"noRS":0.8802083333333334}
AIRGAPPER_FAST_REGRESSION_START motion-y8 trial=2/3
AIRGAPPER_FAST_REGRESSION_TRIAL motion-y8 2 {"guidedMsPerOutput":0.7099447513813762,"sampleMsPerTrack":0.34170854271334844,"p50":12.699999999982538,"p95":20.39999999999418,"yield":0.9095477386934674,"turbo":0.3937677053824363,"stableRS":0.9013157894736842,"noRS":0.8961038961038961}
AIRGAPPER_FAST_REGRESSION_START motion-y8 trial=3/3
AIRGAPPER_FAST_REGRESSION_TRIAL motion-y8 3 {"guidedMsPerOutput":0.7148760330576107,"sampleMsPerTrack":0.3482323232317941,"p50":13.10000000000582,"p95":19.699999999982538,"yield":0.9166666666666666,"turbo":0.4028169014084507,"stableRS":0.9215686274509803,"noRS":0.8958333333333334}
AIRGAPPER_FAST_REGRESSION_RESULT motion-y8 {"version":"v0.5.238","productionOnly":true,"frames":28,"expectedFrames":28,"decodedPackets":378,"uniqueSymbols":137,"decodedSlots":[0,1,2,3,4,5,6,7,8,9,10,11,12,13,14,15,16,17],"slotCounts":{"0":14,"1":19,"2":19,"3":21,"4":22,"5":22,"6":24,"7":23,"8":22,"9":23,"10":23,"11":23,"12":21,"13":22,"14":22,"15":19,"16":20,"17":19},"qrPerSecond":419.99999999999994,"uniqueUsefulQrPerSecond":152.2222222222222,"verifiedKBPerSecond":42.87977430555555,"firstProductionFrame":0,"lockTriggerSourceFrame":4,"firstGridLockFrame":5,"firstLockedStateFrame":5,"stateCounts":{"SEARCH":5,"GRID_LOCK":1,"TRACK":22},"finalState":"TRACK","transitions":2,"jobs":26,"fullJobs":3,"trackedJobs":23,"guidedJobs":22,"guidedTracks":396,"guidedOutputs":363,"guided":{"jobs":22,"moduleSizeAvg":3.9978330584834936,"moduleSizeMin":3.9760853979005293,"moduleSizeMax":4.025185766934916,"tracks":396,"outputs":363,"turboAttempts":355,"turboSuccesses":143,"stableEligibleTracks":345,"stableRsAttempts":153,"stableRsSuccesses":141,"sparseProfileAttempts":229,"sparseProfileSuccesses":219,"dataOnlyAttempts":384,"dataOnlySuccesses":344,"rsFallbacks":30,"sparseAttempts":229,"sparseSuccesses":219,"genericFallbackTracks":10,"genericFallbackSuccesses":1,"genericDecodeAttempts":1,"binarizeMs":86.9999999999709,"finderMs":5.199999999953434,"sampleMs":137.89999999979045,"decodeMs":21.300000000337604,"totalMs":259.4999999999127},"tailFullJobs":0,"tailTrackedJobs":14,"decodeP50Ms":13.10000000000582,"decodeP95Ms":19.699999999982538,"workerBusyPercent":5.952380952380952,"hotPath":{"strict":false,"postLockRecoverySuppressed":false,"nativeTracks":0,"crcFastSuccesses":0,"crcFastPercent":0,"nativeMisses":0,"qrRsFallbacks":0,"anchorSuccesses":0,"anchorMisses":0,"thresholdFallbacks":0,"outOfFrameMisses":0,"bitstreamFailures":0,"crcFailures":0,"multiSampleRetries":0,"localRecoveryAttempts":1,"localRecoverySuccesses":1,"readFullAttempts":4,"fullScanJobs":3},"byKind":{"DIRECT RECOVERY Y8":{"jobs":3,"pixels":4812464,"processedPixels":4812464,"bytes":19249856,"tracks":0,"outputSymbols":7,"hits":0,"misses":0,"readFullAttempts":3,"fallbackAttempts":0,"fallbackSuccesses":0,"fallbackFailures":0,"targetedAttempts":0,"targetedPixels":0,"targetedSuccesses":0},"Y8 TRACKED GRID":{"jobs":23,"pixels":74778704,"processedPixels":74778704,"bytes":299114816,"tracks":414,"outputSymbols":371,"hits":363,"misses":33,"readFullAttempts":1,"fallbackAttempts":1,"fallbackSuccesses":1,"fallbackFailures":0,"targetedAttempts":0,"targetedPixels":0,"targetedSuccesses":0}},"decodeErrors":[],"checks":{"productionOnly":true,"allFramesReplayed":true,"decodedSomething":true,"discoveredLayout":true,"scheduledWork":true,"noDecodeErrors":true,"oracleSkipped":true},"ok":true,"normalized":{"guidedOutputYield":0.9166666666666666,"turboYield":0.4028169014084507,"stableRsYield":0.9215686274509803,"dataOnlyYield":0.8958333333333334,"sampleMsPerTrack":0.3482323232317941,"sampleMsPerOutput":0.3798898071619572,"decodeMsPerOutput":0.05867768595134326,"guidedMsPerTrack":0.6553030303028098,"guidedMsPerOutput":0.7148760330576107,"guidedMsPerJob":11.795454545450577,"stableRsAttemptsPerTrack":0.38636363636363635,"dataOnlyAttemptsPerTrack":0.9696969696969697},"wallTimeMs":4460,"trialCount":3,"selectedTrial":3,"trialMedians":{"guidedMsPerTrack":0.6553030303028098,"guidedMsPerOutput":0.7148760330576107,"sampleMsPerTrack":0.3482323232317941,"decodeP50Ms":13.10000000000582,"decodeP95Ms":20.39999999999418,"guidedOutputYield":0.9166666666666666,"turboYield":0.4028169014084507,"stableRsYield":0.9215686274509803,"dataOnlyYield":0.8958333333333334},"trialSpread":{"guidedMsPerOutput":[0.7523287671230644,0.7099447513813762,0.7148760330576107],"sampleMsPerTrack":[0.3707070707069678,0.34170854271334844,0.3482323232317941],"decodeP50Ms":[14.300000000017462,12.699999999982538,13.10000000000582]}}
AIRGAPPER_FAST_REGRESSION_START dense-y8 trial=1/3
AIRGAPPER_FAST_REGRESSION_TRIAL dense-y8 1 {"guidedMsPerOutput":0.8500000000002063,"sampleMsPerTrack":0.6629921259834269,"p50":15.700000000011642,"p95":64.29999999998836,"yield":1,"turbo":1,"stableRS":1,"noRS":1}
AIRGAPPER_FAST_REGRESSION_START dense-y8 trial=2/3
AIRGAPPER_FAST_REGRESSION_TRIAL dense-y8 2 {"guidedMsPerOutput":0.7805555555556017,"sampleMsPerTrack":0.6000000000001617,"p50":14.10000000000582,"p95":52.70000000001164,"yield":1,"turbo":1,"stableRS":1,"noRS":1}
AIRGAPPER_FAST_REGRESSION_START dense-y8 trial=3/3
AIRGAPPER_FAST_REGRESSION_TRIAL dense-y8 3 {"guidedMsPerOutput":0.7555555555555555,"sampleMsPerTrack":0.5870370370371448,"p50":14.10000000000582,"p95":66.80000000001746,"yield":1,"turbo":1,"stableRS":1,"noRS":1}
AIRGAPPER_FAST_REGRESSION_RESULT dense-y8 {"version":"v0.5.238","productionOnly":true,"frames":20,"expectedFrames":20,"decodedPackets":267,"uniqueSymbols":152,"decodedSlots":[0,1,2,3,4,5,6,7,8,9,10,11,12,13,14,15,16,17],"slotCounts":{"0":15,"1":15,"2":14,"3":15,"4":14,"5":14,"6":16,"7":14,"8":14,"9":16,"10":14,"11":14,"12":17,"13":15,"14":14,"15":17,"16":15,"17":14},"qrPerSecond":421.578947368421,"uniqueUsefulQrPerSecond":239.99999999999997,"verifiedKBPerSecond":60.93441611842105,"firstProductionFrame":0,"lockTriggerSourceFrame":4,"firstGridLockFrame":5,"firstLockedStateFrame":5,"stateCounts":{"SEARCH":5,"GRID_LOCK":1,"TRACK":14},"finalState":"TRACK","transitions":2,"jobs":18,"fullJobs":3,"trackedJobs":15,"guidedJobs":14,"guidedTracks":252,"guidedOutputs":252,"guided":{"jobs":14,"moduleSizeAvg":1.9999999999999967,"moduleSizeMin":1.9999999999999862,"moduleSizeMax":2.000000000000003,"tracks":252,"outputs":252,"turboAttempts":216,"turboSuccesses":216,"stableEligibleTracks":216,"stableRsAttempts":216,"stableRsSuccesses":216,"sparseProfileAttempts":36,"sparseProfileSuccesses":36,"dataOnlyAttempts":252,"dataOnlySuccesses":252,"rsFallbacks":0,"sparseAttempts":36,"sparseSuccesses":36,"genericFallbackTracks":0,"genericFallbackSuccesses":0,"genericDecodeAttempts":0,"binarizeMs":7.199999999982538,"finderMs":0.7999999999883585,"sampleMs":151.20000000004075,"decodeMs":31.10000000015134,"totalMs":196.70000000001164},"tailFullJobs":0,"tailTrackedJobs":10,"decodeP50Ms":14.10000000000582,"decodeP95Ms":52.70000000001164,"workerBusyPercent":10,"hotPath":{"strict":false,"postLockRecoverySuppressed":false,"nativeTracks":0,"crcFastSuccesses":0,"crcFastPercent":0,"nativeMisses":0,"qrRsFallbacks":0,"anchorSuccesses":0,"anchorMisses":0,"thresholdFallbacks":0,"outOfFrameMisses":0,"bitstreamFailures":0,"crcFailures":0,"multiSampleRetries":0,"localRecoveryAttempts":1,"localRecoverySuccesses":1,"readFullAttempts":4,"fullScanJobs":3},"byKind":{"DIRECT RECOVERY Y8":{"jobs":3,"pixels":3405708,"processedPixels":3405708,"bytes":13622832,"tracks":0,"outputSymbols":7,"hits":0,"misses":0,"readFullAttempts":3,"fallbackAttempts":0,"fallbackSuccesses":0,"fallbackFailures":0,"targetedAttempts":0,"targetedPixels":0,"targetedSuccesses":0},"Y8 TRACKED GRID":{"jobs":15,"pixels":34314900,"processedPixels":34314900,"bytes":137259600,"tracks":270,"outputSymbols":260,"hits":252,"misses":0,"readFullAttempts":1,"fallbackAttempts":1,"fallbackSuccesses":1,"fallbackFailures":0,"targetedAttempts":0,"targetedPixels":0,"targetedSuccesses":0}},"decodeErrors":[],"checks":{"productionOnly":true,"allFramesReplayed":true,"decodedSomething":true,"discoveredLayout":true,"scheduledWork":true,"noDecodeErrors":true,"oracleSkipped":true},"ok":true,"normalized":{"guidedOutputYield":1,"turboYield":1,"stableRsYield":1,"dataOnlyYield":1,"sampleMsPerTrack":0.6000000000001617,"sampleMsPerOutput":0.6000000000001617,"decodeMsPerOutput":0.12341269841329897,"guidedMsPerTrack":0.7805555555556017,"guidedMsPerOutput":0.7805555555556017,"guidedMsPerJob":14.050000000000832,"stableRsAttemptsPerTrack":0.8571428571428571,"dataOnlyAttemptsPerTrack":1},"wallTimeMs":1304,"trialCount":3,"selectedTrial":2,"trialMedians":{"guidedMsPerTrack":0.7805555555556017,"guidedMsPerOutput":0.7805555555556017,"sampleMsPerTrack":0.6000000000001617,"decodeP50Ms":14.10000000000582,"decodeP95Ms":64.29999999998836,"guidedOutputYield":1,"turboYield":1,"stableRsYield":1,"dataOnlyYield":1},"trialSpread":{"guidedMsPerOutput":[0.8500000000002063,0.7805555555556017,0.7555555555555555],"sampleMsPerTrack":[0.6629921259834269,0.6000000000001617,0.5870370370371448],"decodeP50Ms":[15.700000000011642,14.10000000000582,14.10000000000582]}}
AIRGAPPER_FAST_REGRESSION_START optical-dense-y8 trial=1/3
AIRGAPPER_FAST_REGRESSION_TRIAL optical-dense-y8 1 {"guidedMsPerOutput":1.7408088235294117,"sampleMsPerTrack":1.1838235294110158,"p50":32.70000000001164,"p95":55.89999999999418,"yield":1,"turbo":0.5042372881355932,"stableRS":0.7677419354838709,"noRS":0.5227272727272727}
AIRGAPPER_FAST_REGRESSION_START optical-dense-y8 trial=2/3
AIRGAPPER_FAST_REGRESSION_TRIAL optical-dense-y8 2 {"guidedMsPerOutput":1.5243055555554545,"sampleMsPerTrack":1.014930555555515,"p50":28.60000000000582,"p95":62.29999999998836,"yield":1,"turbo":0.4246031746031746,"stableRS":0.8045112781954887,"noRS":0.5859872611464968}
AIRGAPPER_FAST_REGRESSION_START optical-dense-y8 trial=3/3
AIRGAPPER_FAST_REGRESSION_TRIAL optical-dense-y8 3 {"guidedMsPerOutput":1.5040740740739877,"sampleMsPerTrack":0.9844444444453715,"p50":28.5,"p95":62.39999999999418,"yield":1,"turbo":0.3418803418803419,"stableRS":0.7407407407407407,"noRS":0.5503355704697986}
AIRGAPPER_FAST_REGRESSION_RESULT optical-dense-y8 {"version":"v0.5.238","productionOnly":true,"frames":20,"expectedFrames":20,"decodedPackets":294,"uniqueSymbols":152,"decodedSlots":[0,1,2,3,4,5,6,7,8,9,10,11,12,13,14,15,16,17],"slotCounts":{"0":16,"1":17,"2":16,"3":16,"4":16,"5":16,"6":16,"7":16,"8":16,"9":16,"10":17,"11":16,"12":17,"13":17,"14":16,"15":17,"16":17,"17":16},"qrPerSecond":464.2105263157894,"uniqueUsefulQrPerSecond":239.99999999999997,"verifiedKBPerSecond":60.93441611842105,"firstProductionFrame":0,"lockTriggerSourceFrame":0,"firstGridLockFrame":4,"firstLockedStateFrame":4,"stateCounts":{"SEARCH":4,"GRID_LOCK":1,"TRACK":15},"finalState":"TRACK","transitions":2,"jobs":18,"fullJobs":2,"trackedJobs":16,"guidedJobs":16,"guidedTracks":288,"guidedOutputs":288,"guided":{"jobs":16,"moduleSizeAvg":1.9971487501479095,"moduleSizeMin":1.9906151904098481,"moduleSizeMax":2.002439380936762,"tracks":288,"outputs":288,"turboAttempts":252,"turboSuccesses":107,"stableEligibleTracks":252,"stableRsAttempts":133,"stableRsSuccesses":107,"sparseProfileAttempts":181,"sparseProfileSuccesses":181,"dataOnlyAttempts":314,"dataOnlySuccesses":184,"rsFallbacks":130,"sparseAttempts":181,"sparseSuccesses":181,"genericFallbackTracks":0,"genericFallbackSuccesses":0,"genericDecodeAttempts":0,"binarizeMs":52.40000000008149,"finderMs":2.80000000007567,"sampleMs":292.29999999998836,"decodeMs":85.49999999985448,"totalMs":438.9999999999709},"tailFullJobs":0,"tailTrackedJobs":10,"decodeP50Ms":28.60000000000582,"decodeP95Ms":62.29999999998836,"workerBusyPercent":13.333333333333334,"hotPath":{"strict":false,"postLockRecoverySuppressed":false,"nativeTracks":0,"crcFastSuccesses":0,"crcFastPercent":0,"nativeMisses":0,"qrRsFallbacks":0,"anchorSuccesses":0,"anchorMisses":0,"thresholdFallbacks":0,"outOfFrameMisses":0,"bitstreamFailures":0,"crcFailures":0,"multiSampleRetries":0,"localRecoveryAttempts":0,"localRecoverySuccesses":0,"readFullAttempts":2,"fullScanJobs":2},"byKind":{"DIRECT RECOVERY Y8":{"jobs":2,"pixels":2718252,"processedPixels":2718252,"bytes":10873008,"tracks":0,"outputSymbols":6,"hits":0,"misses":0,"readFullAttempts":2,"fallbackAttempts":0,"fallbackSuccesses":0,"fallbackFailures":0,"targetedAttempts":0,"targetedPixels":0,"targetedSuccesses":0},"Y8 TRACKED GRID":{"jobs":16,"pixels":36602560,"processedPixels":36602560,"bytes":146410240,"tracks":288,"outputSymbols":288,"hits":288,"misses":0,"readFullAttempts":0,"fallbackAttempts":0,"fallbackSuccesses":0,"fallbackFailures":0,"targetedAttempts":0,"targetedPixels":0,"targetedSuccesses":0}},"decodeErrors":[],"checks":{"productionOnly":true,"allFramesReplayed":true,"decodedSomething":true,"discoveredLayout":true,"scheduledWork":true,"noDecodeErrors":true,"oracleSkipped":true},"ok":true,"normalized":{"guidedOutputYield":1,"turboYield":0.4246031746031746,"stableRsYield":0.8045112781954887,"dataOnlyYield":0.5859872611464968,"sampleMsPerTrack":1.014930555555515,"sampleMsPerOutput":1.014930555555515,"decodeMsPerOutput":0.29687499999949474,"guidedMsPerTrack":1.5243055555554545,"guidedMsPerOutput":1.5243055555554545,"guidedMsPerJob":27.43749999999818,"stableRsAttemptsPerTrack":0.4618055555555556,"dataOnlyAttemptsPerTrack":1.0902777777777777},"wallTimeMs":4175,"trialCount":3,"selectedTrial":2,"trialMedians":{"guidedMsPerTrack":1.5243055555554545,"guidedMsPerOutput":1.5243055555554545,"sampleMsPerTrack":1.014930555555515,"decodeP50Ms":28.60000000000582,"decodeP95Ms":62.29999999998836,"guidedOutputYield":1,"turboYield":0.4246031746031746,"stableRsYield":0.7677419354838709,"dataOnlyYield":0.5503355704697986},"trialSpread":{"guidedMsPerOutput":[1.7408088235294117,1.5243055555554545,1.5040740740739877],"sampleMsPerTrack":[1.1838235294110158,1.014930555555515,0.9844444444453715],"decodeP50Ms":[32.70000000001164,28.60000000000582,28.5]}}
AIRGAPPER_FAST_REGRESSION_START camera-dense-y8 trial=1/3
AIRGAPPER_FAST_REGRESSION_TRIAL camera-dense-y8 1 {"guidedMsPerOutput":1.5385185185187125,"sampleMsPerTrack":1.0351851851849696,"p50":28.20000000001164,"p95":61.70000000001164,"yield":1,"turbo":0.3803418803418803,"stableRS":0.7355371900826446,"noRS":0.8145695364238411}
AIRGAPPER_FAST_REGRESSION_START camera-dense-y8 trial=2/3
AIRGAPPER_FAST_REGRESSION_TRIAL camera-dense-y8 2 {"guidedMsPerOutput":1.5599206349205426,"sampleMsPerTrack":1.0365079365086756,"p50":30.70000000001164,"p95":56.29999999998836,"yield":1,"turbo":0.38425925925925924,"stableRS":0.7345132743362832,"noRS":0.8085106382978723}
AIRGAPPER_FAST_REGRESSION_START camera-dense-y8 trial=3/3
AIRGAPPER_FAST_REGRESSION_TRIAL camera-dense-y8 3 {"guidedMsPerOutput":1.5711111111109386,"sampleMsPerTrack":1.0459259259259044,"p50":29.5,"p95":65,"yield":1,"turbo":0.38461538461538464,"stableRS":0.7317073170731707,"noRS":0.7986798679867987}
AIRGAPPER_FAST_REGRESSION_RESULT camera-dense-y8 {"version":"v0.5.238","productionOnly":true,"frames":20,"expectedFrames":20,"decodedPackets":263,"uniqueSymbols":143,"decodedSlots":[0,1,2,3,4,5,6,7,8,9,10,11,12,13,14,15,16,17],"slotCounts":{"0":14,"1":15,"2":15,"3":14,"4":15,"5":14,"6":15,"7":15,"8":15,"9":14,"10":14,"11":14,"12":15,"13":15,"14":15,"15":14,"16":14,"17":16},"qrPerSecond":415.26315789473676,"uniqueUsefulQrPerSecond":225.7894736842105,"verifiedKBPerSecond":60.93441611842105,"firstProductionFrame":1,"lockTriggerSourceFrame":4,"firstGridLockFrame":5,"firstLockedStateFrame":5,"stateCounts":{"SEARCH":5,"GRID_LOCK":1,"TRACK":14},"finalState":"TRACK","transitions":2,"jobs":18,"fullJobs":3,"trackedJobs":15,"guidedJobs":14,"guidedTracks":252,"guidedOutputs":252,"guided":{"jobs":14,"moduleSizeAvg":2.317684384063933,"moduleSizeMin":2.3102576718870025,"moduleSizeMax":2.3233191561684956,"tracks":252,"outputs":252,"turboAttempts":216,"turboSuccesses":83,"stableEligibleTracks":216,"stableRsAttempts":113,"stableRsSuccesses":83,"sparseProfileAttempts":169,"sparseProfileSuccesses":169,"dataOnlyAttempts":282,"dataOnlySuccesses":228,"rsFallbacks":54,"sparseAttempts":169,"sparseSuccesses":169,"genericFallbackTracks":0,"genericFallbackSuccesses":0,"genericDecodeAttempts":0,"binarizeMs":75.0000000000291,"finderMs":2.2999999999883585,"sampleMs":261.20000000018626,"decodeMs":47.79999999975553,"totalMs":393.0999999999767},"tailFullJobs":0,"tailTrackedJobs":10,"decodeP50Ms":30.70000000001164,"decodeP95Ms":56.29999999998836,"workerBusyPercent":18.333333333333336,"hotPath":{"strict":false,"postLockRecoverySuppressed":false,"nativeTracks":0,"crcFastSuccesses":0,"crcFastPercent":0,"nativeMisses":0,"qrRsFallbacks":0,"anchorSuccesses":0,"anchorMisses":0,"thresholdFallbacks":0,"outOfFrameMisses":0,"bitstreamFailures":0,"crcFailures":0,"multiSampleRetries":0,"localRecoveryAttempts":1,"localRecoverySuccesses":1,"readFullAttempts":4,"fullScanJobs":3},"byKind":{"DIRECT RECOVERY Y8":{"jobs":3,"pixels":5360384,"processedPixels":5360384,"bytes":21441536,"tracks":0,"outputSymbols":3,"hits":0,"misses":0,"readFullAttempts":3,"fallbackAttempts":0,"fallbackSuccesses":0,"fallbackFailures":0,"targetedAttempts":0,"targetedPixels":0,"targetedSuccesses":0},"Y8 TRACKED GRID":{"jobs":15,"pixels":51609600,"processedPixels":51609600,"bytes":206438400,"tracks":270,"outputSymbols":260,"hits":252,"misses":0,"readFullAttempts":1,"fallbackAttempts":1,"fallbackSuccesses":1,"fallbackFailures":0,"targetedAttempts":0,"targetedPixels":0,"targetedSuccesses":0}},"decodeErrors":[],"checks":{"productionOnly":true,"allFramesReplayed":true,"decodedSomething":true,"discoveredLayout":true,"scheduledWork":true,"noDecodeErrors":true,"oracleSkipped":true},"ok":true,"normalized":{"guidedOutputYield":1,"turboYield":0.38425925925925924,"stableRsYield":0.7345132743362832,"dataOnlyYield":0.8085106382978723,"sampleMsPerTrack":1.0365079365086756,"sampleMsPerOutput":1.0365079365086756,"decodeMsPerOutput":0.18968253968156956,"guidedMsPerTrack":1.5599206349205426,"guidedMsPerOutput":1.5599206349205426,"guidedMsPerJob":28.078571428569767,"stableRsAttemptsPerTrack":0.44841269841269843,"dataOnlyAttemptsPerTrack":1.119047619047619},"wallTimeMs":5235,"trialCount":3,"selectedTrial":2,"trialMedians":{"guidedMsPerTrack":1.5599206349205426,"guidedMsPerOutput":1.5599206349205426,"sampleMsPerTrack":1.0365079365086756,"decodeP50Ms":29.5,"decodeP95Ms":61.70000000001164,"guidedOutputYield":1,"turboYield":0.38425925925925924,"stableRsYield":0.7345132743362832,"dataOnlyYield":0.8085106382978723},"trialSpread":{"guidedMsPerOutput":[1.5385185185187125,1.5599206349205426,1.5711111111109386],"sampleMsPerTrack":[1.0351851851849696,1.0365079365086756,1.0459259259259044],"decodeP50Ms":[28.20000000001164,30.70000000001164,29.5]}}
AIRGAPPER_FAST_REGRESSION_START buffered-rgba trial=1/1
AIRGAPPER_FAST_REGRESSION_TRIAL buffered-rgba 1 {"guidedMsPerOutput":0,"sampleMsPerTrack":0,"p50":25.10000000000582,"p95":54.69999999998254,"yield":0,"turbo":0,"stableRS":0,"noRS":0}
AIRGAPPER_FAST_REGRESSION_RESULT buffered-rgba {"version":"v0.5.238","productionOnly":true,"frames":20,"expectedFrames":20,"decodedPackets":277,"uniqueSymbols":75,"decodedSlots":[0,1,2,3,4,5,6,7,8,9,10,11,12,13,14,15,16,17],"slotCounts":{"0":15,"1":16,"2":15,"3":15,"4":15,"5":15,"6":16,"7":15,"8":15,"9":16,"10":15,"11":15,"12":17,"13":15,"14":15,"15":17,"16":15,"17":15},"qrPerSecond":437.3684210526315,"uniqueUsefulQrPerSecond":118.42105263157893,"verifiedKBPerSecond":60.93441611842105,"firstProductionFrame":0,"lockTriggerSourceFrame":4,"firstGridLockFrame":5,"firstLockedStateFrame":5,"stateCounts":{"SEARCH":5,"GRID_LOCK":1,"TRACK":14},"finalState":"TRACK","transitions":2,"jobs":18,"fullJobs":3,"trackedJobs":15,"guidedJobs":0,"guidedTracks":0,"guidedOutputs":0,"guided":{"jobs":0,"moduleSizeAvg":0,"moduleSizeMin":0,"moduleSizeMax":0,"tracks":0,"outputs":0,"turboAttempts":0,"turboSuccesses":0,"stableEligibleTracks":0,"stableRsAttempts":0,"stableRsSuccesses":0,"sparseProfileAttempts":0,"sparseProfileSuccesses":0,"dataOnlyAttempts":0,"dataOnlySuccesses":0,"rsFallbacks":0,"sparseAttempts":0,"sparseSuccesses":0,"genericFallbackTracks":0,"genericFallbackSuccesses":0,"genericDecodeAttempts":0,"binarizeMs":0,"finderMs":0,"sampleMs":0,"decodeMs":0,"totalMs":0},"tailFullJobs":0,"tailTrackedJobs":10,"decodeP50Ms":25.10000000000582,"decodeP95Ms":54.69999999998254,"workerBusyPercent":31.666666666666654,"hotPath":{"strict":false,"postLockRecoverySuppressed":false,"nativeTracks":270,"crcFastSuccesses":270,"crcFastPercent":100,"nativeMisses":0,"qrRsFallbacks":0,"anchorSuccesses":0,"anchorMisses":0,"thresholdFallbacks":0,"outOfFrameMisses":0,"bitstreamFailures":0,"crcFailures":0,"multiSampleRetries":0,"localRecoveryAttempts":0,"localRecoverySuccesses":0,"readFullAttempts":3,"fullScanJobs":3},"byKind":{"FULL FRAME":{"jobs":3,"pixels":4812464,"processedPixels":4812464,"bytes":0,"tracks":0,"outputSymbols":7,"hits":0,"misses":0,"readFullAttempts":3,"fallbackAttempts":0,"fallbackSuccesses":0,"fallbackFailures":0,"targetedAttempts":0,"targetedPixels":0,"targetedSuccesses":0},"NATIVE TRACKED GRID":{"jobs":15,"pixels":48768720,"processedPixels":48768720,"bytes":0,"tracks":270,"outputSymbols":270,"hits":270,"misses":0,"readFullAttempts":0,"fallbackAttempts":0,"fallbackSuccesses":0,"fallbackFailures":0,"targetedAttempts":0,"targetedPixels":0,"targetedSuccesses":0}},"decodeErrors":[],"checks":{"productionOnly":true,"allFramesReplayed":true,"decodedSomething":true,"discoveredLayout":true,"scheduledWork":true,"noDecodeErrors":true,"oracleSkipped":true},"ok":true,"normalized":{"guidedOutputYield":0,"turboYield":0,"stableRsYield":0,"dataOnlyYield":0,"sampleMsPerTrack":0,"sampleMsPerOutput":0,"decodeMsPerOutput":0,"guidedMsPerTrack":0,"guidedMsPerOutput":0,"guidedMsPerJob":0,"stableRsAttemptsPerTrack":0,"dataOnlyAttemptsPerTrack":0},"wallTimeMs":1068,"trialCount":1,"selectedTrial":1,"trialMedians":{"guidedMsPerTrack":0,"guidedMsPerOutput":0,"sampleMsPerTrack":0,"decodeP50Ms":25.10000000000582,"decodeP95Ms":54.69999999998254,"guidedOutputYield":0,"turboYield":0,"stableRsYield":0,"dataOnlyYield":0},"trialSpread":{"guidedMsPerOutput":[0],"sampleMsPerTrack":[0],"decodeP50Ms":[25.10000000000582]}}
AIRGAPPER_FAST_REGRESSION_PASS {"format":"AirGapper fast production regression","generatedAt":"2026-08-18T01:20:48.179Z","baseUrl":"http://127.0.0.1:8080/","sourceFrames":{"stable":8,"motion":20,"dense":10,"opticalDense":20,"cameraDense":20},"oracle":false,"browserErrors":[],"scenarios":{"stable-y8":{"version":"v0.5.238","productionOnly":true,"frames":32,"expectedFrames":32,"decodedPackets":483,"uniqueSymbols":65,"decodedSlots":[0,1,2,3,4,5,6,7,8,9,10,11,12,13,14,15,16,17],"slotCounts":{"0":27,"1":27,"2":26,"3":27,"4":26,"5":26,"6":28,"7":26,"8":26,"9":28,"10":26,"11":26,"12":29,"13":27,"14":26,"15":29,"16":27,"17":26},"qrPerSecond":467.41935483870964,"uniqueUsefulQrPerSecond":62.90322580645161,"verifiedKBPerSecond":37.3469002016129,"firstProductionFrame":0,"lockTriggerSourceFrame":4,"firstGridLockFrame":5,"firstLockedStateFrame":5,"stateCounts":{"SEARCH":5,"GRID_LOCK":1,"TRACK":26},"finalState":"TRACK","transitions":2,"jobs":30,"fullJobs":3,"trackedJobs":27,"guidedJobs":26,"guidedTracks":468,"guidedOutputs":468,"guided":{"jobs":26,"moduleSizeAvg":3.9999999999999964,"moduleSizeMin":3.999999999999982,"moduleSizeMax":4.000000000000009,"tracks":468,"outputs":468,"turboAttempts":450,"turboSuccesses":450,"stableEligibleTracks":450,"stableRsAttempts":450,"stableRsSuccesses":450,"sparseProfileAttempts":18,"sparseProfileSuccesses":18,"dataOnlyAttempts":468,"dataOnlySuccesses":468,"rsFallbacks":0,"sparseAttempts":18,"sparseSuccesses":18,"genericFallbackTracks":0,"genericFallbackSuccesses":0,"genericDecodeAttempts":0,"binarizeMs":7.399999999994179,"finderMs":0.9999999999708962,"sampleMs":208.99999999959255,"decodeMs":26.200000000419095,"totalMs":253.30000000001746},"tailFullJobs":0,"tailTrackedJobs":16,"decodeP50Ms":10.200000000011642,"decodeP95Ms":22.39999999999418,"workerBusyPercent":5.208333333333333,"hotPath":{"strict":false,"postLockRecoverySuppressed":false,"nativeTracks":0,"crcFastSuccesses":0,"crcFastPercent":0,"nativeMisses":0,"qrRsFallbacks":0,"anchorSuccesses":0,"anchorMisses":0,"thresholdFallbacks":0,"outOfFrameMisses":0,"bitstreamFailures":0,"crcFailures":0,"multiSampleRetries":0,"localRecoveryAttempts":1,"localRecoverySuccesses":1,"readFullAttempts":4,"fullScanJobs":3},"byKind":{"DIRECT RECOVERY Y8":{"jobs":3,"pixels":4812464,"processedPixels":4812464,"bytes":19249856,"tracks":0,"outputSymbols":7,"hits":0,"misses":0,"readFullAttempts":3,"fallbackAttempts":0,"fallbackSuccesses":0,"fallbackFailures":0,"targetedAttempts":0,"targetedPixels":0,"targetedSuccesses":0},"Y8 TRACKED GRID":{"jobs":27,"pixels":87783696,"processedPixels":87783696,"bytes":351134784,"tracks":486,"outputSymbols":476,"hits":468,"misses":0,"readFullAttempts":1,"fallbackAttempts":1,"fallbackSuccesses":1,"fallbackFailures":0,"targetedAttempts":0,"targetedPixels":0,"targetedSuccesses":0}},"decodeErrors":[],"checks":{"productionOnly":true,"allFramesReplayed":true,"decodedSomething":true,"discoveredLayout":true,"scheduledWork":true,"noDecodeErrors":true,"oracleSkipped":true},"ok":true,"normalized":{"guidedOutputYield":1,"turboYield":1,"stableRsYield":1,"dataOnlyYield":1,"sampleMsPerTrack":0.44658119658032597,"sampleMsPerOutput":0.44658119658032597,"decodeMsPerOutput":0.055982905983801484,"guidedMsPerTrack":0.5412393162393535,"guidedMsPerOutput":0.5412393162393535,"guidedMsPerJob":9.742307692308364,"stableRsAttemptsPerTrack":0.9615384615384616,"dataOnlyAttemptsPerTrack":1},"wallTimeMs":1618,"trialCount":3,"selectedTrial":2,"trialMedians":{"guidedMsPerTrack":0.5412393162393535,"guidedMsPerOutput":0.5412393162393535,"sampleMsPerTrack":0.45149572649570163,"decodeP50Ms":10,"decodeP95Ms":22.39999999999418,"guidedOutputYield":1,"turboYield":1,"stableRsYield":1,"dataOnlyYield":1},"trialSpread":{"guidedMsPerOutput":[0.5474468085106754,0.5412393162393535,0.5346153846154095],"sampleMsPerTrack":[0.45489361702180914,0.44658119658032597,0.45149572649570163],"decodeP50Ms":[10,10.200000000011642,9.89999999999418]}},"motion-y8":{"version":"v0.5.238","productionOnly":true,"frames":28,"expectedFrames":28,"decodedPackets":378,"uniqueSymbols":137,"decodedSlots":[0,1,2,3,4,5,6,7,8,9,10,11,12,13,14,15,16,17],"slotCounts":{"0":14,"1":19,"2":19,"3":21,"4":22,"5":22,"6":24,"7":23,"8":22,"9":23,"10":23,"11":23,"12":21,"13":22,"14":22,"15":19,"16":20,"17":19},"qrPerSecond":419.99999999999994,"uniqueUsefulQrPerSecond":152.2222222222222,"verifiedKBPerSecond":42.87977430555555,"firstProductionFrame":0,"lockTriggerSourceFrame":4,"firstGridLockFrame":5,"firstLockedStateFrame":5,"stateCounts":{"SEARCH":5,"GRID_LOCK":1,"TRACK":22},"finalState":"TRACK","transitions":2,"jobs":26,"fullJobs":3,"trackedJobs":23,"guidedJobs":22,"guidedTracks":396,"guidedOutputs":363,"guided":{"jobs":22,"moduleSizeAvg":3.9978330584834936,"moduleSizeMin":3.9760853979005293,"moduleSizeMax":4.025185766934916,"tracks":396,"outputs":363,"turboAttempts":355,"turboSuccesses":143,"stableEligibleTracks":345,"stableRsAttempts":153,"stableRsSuccesses":141,"sparseProfileAttempts":229,"sparseProfileSuccesses":219,"dataOnlyAttempts":384,"dataOnlySuccesses":344,"rsFallbacks":30,"sparseAttempts":229,"sparseSuccesses":219,"genericFallbackTracks":10,"genericFallbackSuccesses":1,"genericDecodeAttempts":1,"binarizeMs":86.9999999999709,"finderMs":5.199999999953434,"sampleMs":137.89999999979045,"decodeMs":21.300000000337604,"totalMs":259.4999999999127},"tailFullJobs":0,"tailTrackedJobs":14,"decodeP50Ms":13.10000000000582,"decodeP95Ms":19.699999999982538,"workerBusyPercent":5.952380952380952,"hotPath":{"strict":false,"postLockRecoverySuppressed":false,"nativeTracks":0,"crcFastSuccesses":0,"crcFastPercent":0,"nativeMisses":0,"qrRsFallbacks":0,"anchorSuccesses":0,"anchorMisses":0,"thresholdFallbacks":0,"outOfFrameMisses":0,"bitstreamFailures":0,"crcFailures":0,"multiSampleRetries":0,"localRecoveryAttempts":1,"localRecoverySuccesses":1,"readFullAttempts":4,"fullScanJobs":3},"byKind":{"DIRECT RECOVERY Y8":{"jobs":3,"pixels":4812464,"processedPixels":4812464,"bytes":19249856,"tracks":0,"outputSymbols":7,"hits":0,"misses":0,"readFullAttempts":3,"fallbackAttempts":0,"fallbackSuccesses":0,"fallbackFailures":0,"targetedAttempts":0,"targetedPixels":0,"targetedSuccesses":0},"Y8 TRACKED GRID":{"jobs":23,"pixels":74778704,"processedPixels":74778704,"bytes":299114816,"tracks":414,"outputSymbols":371,"hits":363,"misses":33,"readFullAttempts":1,"fallbackAttempts":1,"fallbackSuccesses":1,"fallbackFailures":0,"targetedAttempts":0,"targetedPixels":0,"targetedSuccesses":0}},"decodeErrors":[],"checks":{"productionOnly":true,"allFramesReplayed":true,"decodedSomething":true,"discoveredLayout":true,"scheduledWork":true,"noDecodeErrors":true,"oracleSkipped":true},"ok":true,"normalized":{"guidedOutputYield":0.9166666666666666,"turboYield":0.4028169014084507,"stableRsYield":0.9215686274509803,"dataOnlyYield":0.8958333333333334,"sampleMsPerTrack":0.3482323232317941,"sampleMsPerOutput":0.3798898071619572,"decodeMsPerOutput":0.05867768595134326,"guidedMsPerTrack":0.6553030303028098,"guidedMsPerOutput":0.7148760330576107,"guidedMsPerJob":11.795454545450577,"stableRsAttemptsPerTrack":0.38636363636363635,"dataOnlyAttemptsPerTrack":0.9696969696969697},"wallTimeMs":4460,"trialCount":3,"selectedTrial":3,"trialMedians":{"guidedMsPerTrack":0.6553030303028098,"guidedMsPerOutput":0.7148760330576107,"sampleMsPerTrack":0.3482323232317941,"decodeP50Ms":13.10000000000582,"decodeP95Ms":20.39999999999418,"guidedOutputYield":0.9166666666666666,"turboYield":0.4028169014084507,"stableRsYield":0.9215686274509803,"dataOnlyYield":0.8958333333333334},"trialSpread":{"guidedMsPerOutput":[0.7523287671230644,0.7099447513813762,0.7148760330576107],"sampleMsPerTrack":[0.3707070707069678,0.34170854271334844,0.3482323232317941],"decodeP50Ms":[14.300000000017462,12.699999999982538,13.10000000000582]}},"dense-y8":{"version":"v0.5.238","productionOnly":true,"frames":20,"expectedFrames":20,"decodedPackets":267,"uniqueSymbols":152,"decodedSlots":[0,1,2,3,4,5,6,7,8,9,10,11,12,13,14,15,16,17],"slotCounts":{"0":15,"1":15,"2":14,"3":15,"4":14,"5":14,"6":16,"7":14,"8":14,"9":16,"10":14,"11":14,"12":17,"13":15,"14":14,"15":17,"16":15,"17":14},"qrPerSecond":421.578947368421,"uniqueUsefulQrPerSecond":239.99999999999997,"verifiedKBPerSecond":60.93441611842105,"firstProductionFrame":0,"lockTriggerSourceFrame":4,"firstGridLockFrame":5,"firstLockedStateFrame":5,"stateCounts":{"SEARCH":5,"GRID_LOCK":1,"TRACK":14},"finalState":"TRACK","transitions":2,"jobs":18,"fullJobs":3,"trackedJobs":15,"guidedJobs":14,"guidedTracks":252,"guidedOutputs":252,"guided":{"jobs":14,"moduleSizeAvg":1.9999999999999967,"moduleSizeMin":1.9999999999999862,"moduleSizeMax":2.000000000000003,"tracks":252,"outputs":252,"turboAttempts":216,"turboSuccesses":216,"stableEligibleTracks":216,"stableRsAttempts":216,"stableRsSuccesses":216,"sparseProfileAttempts":36,"sparseProfileSuccesses":36,"dataOnlyAttempts":252,"dataOnlySuccesses":252,"rsFallbacks":0,"sparseAttempts":36,"sparseSuccesses":36,"genericFallbackTracks":0,"genericFallbackSuccesses":0,"genericDecodeAttempts":0,"binarizeMs":7.199999999982538,"finderMs":0.7999999999883585,"sampleMs":151.20000000004075,"decodeMs":31.10000000015134,"totalMs":196.70000000001164},"tailFullJobs":0,"tailTrackedJobs":10,"decodeP50Ms":14.10000000000582,"decodeP95Ms":52.70000000001164,"workerBusyPercent":10,"hotPath":{"strict":false,"postLockRecoverySuppressed":false,"nativeTracks":0,"crcFastSuccesses":0,"crcFastPercent":0,"nativeMisses":0,"qrRsFallbacks":0,"anchorSuccesses":0,"anchorMisses":0,"thresholdFallbacks":0,"outOfFrameMisses":0,"bitstreamFailures":0,"crcFailures":0,"multiSampleRetries":0,"localRecoveryAttempts":1,"localRecoverySuccesses":1,"readFullAttempts":4,"fullScanJobs":3},"byKind":{"DIRECT RECOVERY Y8":{"jobs":3,"pixels":3405708,"processedPixels":3405708,"bytes":13622832,"tracks":0,"outputSymbols":7,"hits":0,"misses":0,"readFullAttempts":3,"fallbackAttempts":0,"fallbackSuccesses":0,"fallbackFailures":0,"targetedAttempts":0,"targetedPixels":0,"targetedSuccesses":0},"Y8 TRACKED GRID":{"jobs":15,"pixels":34314900,"processedPixels":34314900,"bytes":137259600,"tracks":270,"outputSymbols":260,"hits":252,"misses":0,"readFullAttempts":1,"fallbackAttempts":1,"fallbackSuccesses":1,"fallbackFailures":0,"targetedAttempts":0,"targetedPixels":0,"targetedSuccesses":0}},"decodeErrors":[],"checks":{"productionOnly":true,"allFramesReplayed":true,"decodedSomething":true,"discoveredLayout":true,"scheduledWork":true,"noDecodeErrors":true,"oracleSkipped":true},"ok":true,"normalized":{"guidedOutputYield":1,"turboYield":1,"stableRsYield":1,"dataOnlyYield":1,"sampleMsPerTrack":0.6000000000001617,"sampleMsPerOutput":0.6000000000001617,"decodeMsPerOutput":0.12341269841329897,"guidedMsPerTrack":0.7805555555556017,"guidedMsPerOutput":0.7805555555556017,"guidedMsPerJob":14.050000000000832,"stableRsAttemptsPerTrack":0.8571428571428571,"dataOnlyAttemptsPerTrack":1},"wallTimeMs":1304,"trialCount":3,"selectedTrial":2,"trialMedians":{"guidedMsPerTrack":0.7805555555556017,"guidedMsPerOutput":0.7805555555556017,"sampleMsPerTrack":0.6000000000001617,"decodeP50Ms":14.10000000000582,"decodeP95Ms":64.29999999998836,"guidedOutputYield":1,"turboYield":1,"stableRsYield":1,"dataOnlyYield":1},"trialSpread":{"guidedMsPerOutput":[0.8500000000002063,0.7805555555556017,0.7555555555555555],"sampleMsPerTrack":[0.6629921259834269,0.6000000000001617,0.5870370370371448],"decodeP50Ms":[15.700000000011642,14.10000000000582,14.10000000000582]}},"optical-dense-y8":{"version":"v0.5.238","productionOnly":true,"frames":20,"expectedFrames":20,"decodedPackets":294,"uniqueSymbols":152,"decodedSlots":[0,1,2,3,4,5,6,7,8,9,10,11,12,13,14,15,16,17],"slotCounts":{"0":16,"1":17,"2":16,"3":16,"4":16,"5":16,"6":16,"7":16,"8":16,"9":16,"10":17,"11":16,"12":17,"13":17,"14":16,"15":17,"16":17,"17":16},"qrPerSecond":464.2105263157894,"uniqueUsefulQrPerSecond":239.99999999999997,"verifiedKBPerSecond":60.93441611842105,"firstProductionFrame":0,"lockTriggerSourceFrame":0,"firstGridLockFrame":4,"firstLockedStateFrame":4,"stateCounts":{"SEARCH":4,"GRID_LOCK":1,"TRACK":15},"finalState":"TRACK","transitions":2,"jobs":18,"fullJobs":2,"trackedJobs":16,"guidedJobs":16,"guidedTracks":288,"guidedOutputs":288,"guided":{"jobs":16,"moduleSizeAvg":1.9971487501479095,"moduleSizeMin":1.9906151904098481,"moduleSizeMax":2.002439380936762,"tracks":288,"outputs":288,"turboAttempts":252,"turboSuccesses":107,"stableEligibleTracks":252,"stableRsAttempts":133,"stableRsSuccesses":107,"sparseProfileAttempts":181,"sparseProfileSuccesses":181,"dataOnlyAttempts":314,"dataOnlySuccesses":184,"rsFallbacks":130,"sparseAttempts":181,"sparseSuccesses":181,"genericFallbackTracks":0,"genericFallbackSuccesses":0,"genericDecodeAttempts":0,"binarizeMs":52.40000000008149,"finderMs":2.80000000007567,"sampleMs":292.29999999998836,"decodeMs":85.49999999985448,"totalMs":438.9999999999709},"tailFullJobs":0,"tailTrackedJobs":10,"decodeP50Ms":28.60000000000582,"decodeP95Ms":62.29999999998836,"workerBusyPercent":13.333333333333334,"hotPath":{"strict":false,"postLockRecoverySuppressed":false,"nativeTracks":0,"crcFastSuccesses":0,"crcFastPercent":0,"nativeMisses":0,"qrRsFallbacks":0,"anchorSuccesses":0,"anchorMisses":0,"thresholdFallbacks":0,"outOfFrameMisses":0,"bitstreamFailures":0,"crcFailures":0,"multiSampleRetries":0,"localRecoveryAttempts":0,"localRecoverySuccesses":0,"readFullAttempts":2,"fullScanJobs":2},"byKind":{"DIRECT RECOVERY Y8":{"jobs":2,"pixels":2718252,"processedPixels":2718252,"bytes":10873008,"tracks":0,"outputSymbols":6,"hits":0,"misses":0,"readFullAttempts":2,"fallbackAttempts":0,"fallbackSuccesses":0,"fallbackFailures":0,"targetedAttempts":0,"targetedPixels":0,"targetedSuccesses":0},"Y8 TRACKED GRID":{"jobs":16,"pixels":36602560,"processedPixels":36602560,"bytes":146410240,"tracks":288,"outputSymbols":288,"hits":288,"misses":0,"readFullAttempts":0,"fallbackAttempts":0,"fallbackSuccesses":0,"fallbackFailures":0,"targetedAttempts":0,"targetedPixels":0,"targetedSuccesses":0}},"decodeErrors":[],"checks":{"productionOnly":true,"allFramesReplayed":true,"decodedSomething":true,"discoveredLayout":true,"scheduledWork":true,"noDecodeErrors":true,"oracleSkipped":true},"ok":true,"normalized":{"guidedOutputYield":1,"turboYield":0.4246031746031746,"stableRsYield":0.8045112781954887,"dataOnlyYield":0.5859872611464968,"sampleMsPerTrack":1.014930555555515,"sampleMsPerOutput":1.014930555555515,"decodeMsPerOutput":0.29687499999949474,"guidedMsPerTrack":1.5243055555554545,"guidedMsPerOutput":1.5243055555554545,"guidedMsPerJob":27.43749999999818,"stableRsAttemptsPerTrack":0.4618055555555556,"dataOnlyAttemptsPerTrack":1.0902777777777777},"wallTimeMs":4175,"trialCount":3,"selectedTrial":2,"trialMedians":{"guidedMsPerTrack":1.5243055555554545,"guidedMsPerOutput":1.5243055555554545,"sampleMsPerTrack":1.014930555555515,"decodeP50Ms":28.60000000000582,"decodeP95Ms":62.29999999998836,"guidedOutputYield":1,"turboYield":0.4246031746031746,"stableRsYield":0.7677419354838709,"dataOnlyYield":0.5503355704697986},"trialSpread":{"guidedMsPerOutput":[1.7408088235294117,1.5243055555554545,1.5040740740739877],"sampleMsPerTrack":[1.1838235294110158,1.014930555555515,0.9844444444453715],"decodeP50Ms":[32.70000000001164,28.60000000000582,28.5]}},"camera-dense-y8":{"version":"v0.5.238","productionOnly":true,"frames":20,"expectedFrames":20,"decodedPackets":263,"uniqueSymbols":143,"decodedSlots":[0,1,2,3,4,5,6,7,8,9,10,11,12,13,14,15,16,17],"slotCounts":{"0":14,"1":15,"2":15,"3":14,"4":15,"5":14,"6":15,"7":15,"8":15,"9":14,"10":14,"11":14,"12":15,"13":15,"14":15,"15":14,"16":14,"17":16},"qrPerSecond":415.26315789473676,"uniqueUsefulQrPerSecond":225.7894736842105,"verifiedKBPerSecond":60.93441611842105,"firstProductionFrame":1,"lockTriggerSourceFrame":4,"firstGridLockFrame":5,"firstLockedStateFrame":5,"stateCounts":{"SEARCH":5,"GRID_LOCK":1,"TRACK":14},"finalState":"TRACK","transitions":2,"jobs":18,"fullJobs":3,"trackedJobs":15,"guidedJobs":14,"guidedTracks":252,"guidedOutputs":252,"guided":{"jobs":14,"moduleSizeAvg":2.317684384063933,"moduleSizeMin":2.3102576718870025,"moduleSizeMax":2.3233191561684956,"tracks":252,"outputs":252,"turboAttempts":216,"turboSuccesses":83,"stableEligibleTracks":216,"stableRsAttempts":113,"stableRsSuccesses":83,"sparseProfileAttempts":169,"sparseProfileSuccesses":169,"dataOnlyAttempts":282,"dataOnlySuccesses":228,"rsFallbacks":54,"sparseAttempts":169,"sparseSuccesses":169,"genericFallbackTracks":0,"genericFallbackSuccesses":0,"genericDecodeAttempts":0,"binarizeMs":75.0000000000291,"finderMs":2.2999999999883585,"sampleMs":261.20000000018626,"decodeMs":47.79999999975553,"totalMs":393.0999999999767},"tailFullJobs":0,"tailTrackedJobs":10,"decodeP50Ms":30.70000000001164,"decodeP95Ms":56.29999999998836,"workerBusyPercent":18.333333333333336,"hotPath":{"strict":false,"postLockRecoverySuppressed":false,"nativeTracks":0,"crcFastSuccesses":0,"crcFastPercent":0,"nativeMisses":0,"qrRsFallbacks":0,"anchorSuccesses":0,"anchorMisses":0,"thresholdFallbacks":0,"outOfFrameMisses":0,"bitstreamFailures":0,"crcFailures":0,"multiSampleRetries":0,"localRecoveryAttempts":1,"localRecoverySuccesses":1,"readFullAttempts":4,"fullScanJobs":3},"byKind":{"DIRECT RECOVERY Y8":{"jobs":3,"pixels":5360384,"processedPixels":5360384,"bytes":21441536,"tracks":0,"outputSymbols":3,"hits":0,"misses":0,"readFullAttempts":3,"fallbackAttempts":0,"fallbackSuccesses":0,"fallbackFailures":0,"targetedAttempts":0,"targetedPixels":0,"targetedSuccesses":0},"Y8 TRACKED GRID":{"jobs":15,"pixels":51609600,"processedPixels":51609600,"bytes":206438400,"tracks":270,"outputSymbols":260,"hits":252,"misses":0,"readFullAttempts":1,"fallbackAttempts":1,"fallbackSuccesses":1,"fallbackFailures":0,"targetedAttempts":0,"targetedPixels":0,"targetedSuccesses":0}},"decodeErrors":[],"checks":{"productionOnly":true,"allFramesReplayed":true,"decodedSomething":true,"discoveredLayout":true,"scheduledWork":true,"noDecodeErrors":true,"oracleSkipped":true},"ok":true,"normalized":{"guidedOutputYield":1,"turboYield":0.38425925925925924,"stableRsYield":0.7345132743362832,"dataOnlyYield":0.8085106382978723,"sampleMsPerTrack":1.0365079365086756,"sampleMsPerOutput":1.0365079365086756,"decodeMsPerOutput":0.18968253968156956,"guidedMsPerTrack":1.5599206349205426,"guidedMsPerOutput":1.5599206349205426,"guidedMsPerJob":28.078571428569767,"stableRsAttemptsPerTrack":0.44841269841269843,"dataOnlyAttemptsPerTrack":1.119047619047619},"wallTimeMs":5235,"trialCount":3,"selectedTrial":2,"trialMedians":{"guidedMsPerTrack":1.5599206349205426,"guidedMsPerOutput":1.5599206349205426,"sampleMsPerTrack":1.0365079365086756,"decodeP50Ms":29.5,"decodeP95Ms":61.70000000001164,"guidedOutputYield":1,"turboYield":0.38425925925925924,"stableRsYield":0.7345132743362832,"dataOnlyYield":0.8085106382978723},"trialSpread":{"guidedMsPerOutput":[1.5385185185187125,1.5599206349205426,1.5711111111109386],"sampleMsPerTrack":[1.0351851851849696,1.0365079365086756,1.0459259259259044],"decodeP50Ms":[28.20000000001164,30.70000000001164,29.5]}},"buffered-rgba":{"version":"v0.5.238","productionOnly":true,"frames":20,"expectedFrames":20,"decodedPackets":277,"uniqueSymbols":75,"decodedSlots":[0,1,2,3,4,5,6,7,8,9,10,11,12,13,14,15,16,17],"slotCounts":{"0":15,"1":16,"2":15,"3":15,"4":15,"5":15,"6":16,"7":15,"8":15,"9":16,"10":15,"11":15,"12":17,"13":15,"14":15,"15":17,"16":15,"17":15},"qrPerSecond":437.3684210526315,"uniqueUsefulQrPerSecond":118.42105263157893,"verifiedKBPerSecond":60.93441611842105,"firstProductionFrame":0,"lockTriggerSourceFrame":4,"firstGridLockFrame":5,"firstLockedStateFrame":5,"stateCounts":{"SEARCH":5,"GRID_LOCK":1,"TRACK":14},"finalState":"TRACK","transitions":2,"jobs":18,"fullJobs":3,"trackedJobs":15,"guidedJobs":0,"guidedTracks":0,"guidedOutputs":0,"guided":{"jobs":0,"moduleSizeAvg":0,"moduleSizeMin":0,"moduleSizeMax":0,"tracks":0,"outputs":0,"turboAttempts":0,"turboSuccesses":0,"stableEligibleTracks":0,"stableRsAttempts":0,"stableRsSuccesses":0,"sparseProfileAttempts":0,"sparseProfileSuccesses":0,"dataOnlyAttempts":0,"dataOnlySuccesses":0,"rsFallbacks":0,"sparseAttempts":0,"sparseSuccesses":0,"genericFallbackTracks":0,"genericFallbackSuccesses":0,"genericDecodeAttempts":0,"binarizeMs":0,"finderMs":0,"sampleMs":0,"decodeMs":0,"totalMs":0},"tailFullJobs":0,"tailTrackedJobs":10,"decodeP50Ms":25.10000000000582,"decodeP95Ms":54.69999999998254,"workerBusyPercent":31.666666666666654,"hotPath":{"strict":false,"postLockRecoverySuppressed":false,"nativeTracks":270,"crcFastSuccesses":270,"crcFastPercent":100,"nativeMisses":0,"qrRsFallbacks":0,"anchorSuccesses":0,"anchorMisses":0,"thresholdFallbacks":0,"outOfFrameMisses":0,"bitstreamFailures":0,"crcFailures":0,"multiSampleRetries":0,"localRecoveryAttempts":0,"localRecoverySuccesses":0,"readFullAttempts":3,"fullScanJobs":3},"byKind":{"FULL FRAME":{"jobs":3,"pixels":4812464,"processedPixels":4812464,"bytes":0,"tracks":0,"outputSymbols":7,"hits":0,"misses":0,"readFullAttempts":3,"fallbackAttempts":0,"fallbackSuccesses":0,"fallbackFailures":0,"targetedAttempts":0,"targetedPixels":0,"targetedSuccesses":0},"NATIVE TRACKED GRID":{"jobs":15,"pixels":48768720,"processedPixels":48768720,"bytes":0,"tracks":270,"outputSymbols":270,"hits":270,"misses":0,"readFullAttempts":0,"fallbackAttempts":0,"fallbackSuccesses":0,"fallbackFailures":0,"targetedAttempts":0,"targetedPixels":0,"targetedSuccesses":0}},"decodeErrors":[],"checks":{"productionOnly":true,"allFramesReplayed":true,"decodedSomething":true,"discoveredLayout":true,"scheduledWork":true,"noDecodeErrors":true,"oracleSkipped":true},"ok":true,"normalized":{"guidedOutputYield":0,"turboYield":0,"stableRsYield":0,"dataOnlyYield":0,"sampleMsPerTrack":0,"sampleMsPerOutput":0,"decodeMsPerOutput":0,"guidedMsPerTrack":0,"guidedMsPerOutput":0,"guidedMsPerJob":0,"stableRsAttemptsPerTrack":0,"dataOnlyAttemptsPerTrack":0},"wallTimeMs":1068,"trialCount":1,"selectedTrial":1,"trialMedians":{"guidedMsPerTrack":0,"guidedMsPerOutput":0,"sampleMsPerTrack":0,"decodeP50Ms":25.10000000000582,"decodeP95Ms":54.69999999998254,"guidedOutputYield":0,"turboYield":0,"stableRsYield":0,"dataOnlyYield":0},"trialSpread":{"guidedMsPerOutput":[0],"sampleMsPerTrack":[0],"decodeP50Ms":[25.10000000000582]}}}}
