v240 adaptive no-RS candidate rejected at 2026-08-18T01:43:25Z
From https://github.com/zxing-cpp/zxing-cpp
 * branch              3e09874a9ca7c191d67101f302a1f53c71a118cc -> FETCH_HEAD
HEAD is now at 3e09874a Log: LogMatrix.h -> Log.h + printf -> log_[t|l|r]
emcmake: cmake -S . -B build-simd -G Ninja -DCMAKE_BUILD_TYPE=Release -DDECIMEN_SIMD=ON -DDECIMEN_CODEC_VERSION=0.1.49 -DDECIMEN_CODEC_BUILD=86834de-dirty -DCMAKE_TOOLCHAIN_FILE=/home/runner/work/AirGapper/AirGapper/vendor/decimen-codec/source/emsdk/upstream/emscripten/cmake/Modules/Platform/Emscripten.cmake -DCMAKE_CROSSCOMPILING_EMULATOR=/home/runner/work/AirGapper/AirGapper/vendor/decimen-codec/source/emsdk/node/24.19.0_64bit/bin/node in directory /home/runner/work/AirGapper/AirGapper/vendor/decimen-codec/source
[1/2] Building CXX object CMakeFiles/decimen_codec.dir/wrapper/decimen_codec.cpp.o
FAILED: [code=1] CMakeFiles/decimen_codec.dir/wrapper/decimen_codec.cpp.o 
/home/runner/work/AirGapper/AirGapper/vendor/decimen-codec/source/emsdk/upstream/emscripten/em++ -DDECIMEN_CODEC_BUILD=\"86834de-dirty\" -DDECIMEN_CODEC_VERSION=\"0.1.49\" -DZXING_INTERNAL -I/home/runner/work/AirGapper/AirGapper/vendor/decimen-codec/source/third_party/zxing-cpp/core/src -I/home/runner/work/AirGapper/AirGapper/vendor/decimen-codec/source/build-simd/ZXing -msimd128 -O3 -DNDEBUG -std=gnu++20   -s DISABLE_EXCEPTION_CATCHING=0 -MD -MT CMakeFiles/decimen_codec.dir/wrapper/decimen_codec.cpp.o -MF CMakeFiles/decimen_codec.dir/wrapper/decimen_codec.cpp.o.d -o CMakeFiles/decimen_codec.dir/wrapper/decimen_codec.cpp.o -c /home/runner/work/AirGapper/AirGapper/vendor/decimen-codec/source/wrapper/decimen_codec.cpp
/home/runner/work/AirGapper/AirGapper/vendor/decimen-codec/source/wrapper/decimen_codec.cpp:1437:39: error: call to deleted constructor of 'DecoderResult'
 1437 |             return direct.isValid() ? direct : DecoderResult{};
      |                                       ^~~~~~
/home/runner/work/AirGapper/AirGapper/vendor/decimen-codec/source/third_party/zxing-cpp/core/src/DecoderResult.h:46:2: note: 'DecoderResult' has been explicitly marked deleted here
   46 |         DecoderResult(const DecoderResult&) = delete;
      |         ^
/home/runner/work/AirGapper/AirGapper/vendor/decimen-codec/source/wrapper/decimen_codec.cpp:1471:12: error: call to deleted constructor of 'DecoderResult'
 1471 |     return direct.isValid() ? direct : decoded;
      |            ^~~~~~~~~~~~~~~~~~~~~~~~~~~~~~~~~~~
/home/runner/work/AirGapper/AirGapper/vendor/decimen-codec/source/third_party/zxing-cpp/core/src/DecoderResult.h:46:2: note: 'DecoderResult' has been explicitly marked deleted here
   46 |         DecoderResult(const DecoderResult&) = delete;
      |         ^
2 errors generated.
ninja: build stopped: subcommand failed.
