v268 pre-refine candidate passed at 2026-08-18T04:07:28Z
{
  "motion-y8": {
    "yield": [
      0.9195979899497487,
      0.9131578947368421
    ],
    "stableAttemptsPerTrack": [
      0.32663316582914576,
      0.31842105263157894
    ],
    "guidedMsPerOutput": [
      0.8183060109288822,
      0.8868679955169905
    ],
    "sampleMsPerTrack": [
      0.38567839195965276,
      0.4534011164282681
    ]
  },
  "dense-y8": {
    "yield": [
      1,
      1
    ],
    "stableAttemptsPerTrack": [
      0.9285714285714286,
      0.8571428571428571
    ],
    "guidedMsPerOutput": [
      1.0964285714286408,
      0.8621560846558991
    ],
    "sampleMsPerTrack": [
      0.8748031496068034,
      0.660224867724924
    ]
  },
  "optical-dense-y8": {
    "yield": [
      1,
      1
    ],
    "stableAttemptsPerTrack": [
      0.5347222222222222,
      0.8402777777777778
    ],
    "guidedMsPerOutput": [
      1.879861111111192,
      2.435405092592653
    ],
    "sampleMsPerTrack": [
      1.257777777776398,
      1.7992361111116897
    ]
  },
  "camera-dense-y8": {
    "yield": [
      1,
      1
    ],
    "stableAttemptsPerTrack": [
      0.3055555555555556,
      0.3111111111111111
    ],
    "guidedMsPerOutput": [
      1.6250000000001155,
      1.6023809523808523
    ],
    "sampleMsPerTrack": [
      1.0186507936504934,
      1.0641137566130037
    ]
  }
}
